Archive member included to satisfy reference by file (symbol)

c:/st/stm32cubeide_1.2.0/stm32cubeide/plugins/com.st.stm32cube.ide.mcu.externaltools.gnu-tools-for-stm32.7-2018-q2-update.win32_1.0.0.201904181610/tools/bin/../lib/gcc/arm-none-eabi/7.3.1/../../../../arm-none-eabi/lib/thumb/v7e-m/fpv5/hard\libc_nano.a(lib_a-errno.o)
                              Src/syscalls.o (__errno)
c:/st/stm32cubeide_1.2.0/stm32cubeide/plugins/com.st.stm32cube.ide.mcu.externaltools.gnu-tools-for-stm32.7-2018-q2-update.win32_1.0.0.201904181610/tools/bin/../lib/gcc/arm-none-eabi/7.3.1/../../../../arm-none-eabi/lib/thumb/v7e-m/fpv5/hard\libc_nano.a(lib_a-exit.o)
                              c:/st/stm32cubeide_1.2.0/stm32cubeide/plugins/com.st.stm32cube.ide.mcu.externaltools.gnu-tools-for-stm32.7-2018-q2-update.win32_1.0.0.201904181610/tools/bin/../lib/gcc/arm-none-eabi/7.3.1/../../../../arm-none-eabi/lib/thumb/v7e-m/fpv5/hard/crt0.o (exit)
c:/st/stm32cubeide_1.2.0/stm32cubeide/plugins/com.st.stm32cube.ide.mcu.externaltools.gnu-tools-for-stm32.7-2018-q2-update.win32_1.0.0.201904181610/tools/bin/../lib/gcc/arm-none-eabi/7.3.1/../../../../arm-none-eabi/lib/thumb/v7e-m/fpv5/hard\libc_nano.a(lib_a-impure.o)
                              c:/st/stm32cubeide_1.2.0/stm32cubeide/plugins/com.st.stm32cube.ide.mcu.externaltools.gnu-tools-for-stm32.7-2018-q2-update.win32_1.0.0.201904181610/tools/bin/../lib/gcc/arm-none-eabi/7.3.1/../../../../arm-none-eabi/lib/thumb/v7e-m/fpv5/hard\libc_nano.a(lib_a-exit.o) (_global_impure_ptr)
c:/st/stm32cubeide_1.2.0/stm32cubeide/plugins/com.st.stm32cube.ide.mcu.externaltools.gnu-tools-for-stm32.7-2018-q2-update.win32_1.0.0.201904181610/tools/bin/../lib/gcc/arm-none-eabi/7.3.1/../../../../arm-none-eabi/lib/thumb/v7e-m/fpv5/hard\libc_nano.a(lib_a-init.o)
                              c:/st/stm32cubeide_1.2.0/stm32cubeide/plugins/com.st.stm32cube.ide.mcu.externaltools.gnu-tools-for-stm32.7-2018-q2-update.win32_1.0.0.201904181610/tools/bin/../lib/gcc/arm-none-eabi/7.3.1/../../../../arm-none-eabi/lib/thumb/v7e-m/fpv5/hard/crt0.o (__libc_init_array)
c:/st/stm32cubeide_1.2.0/stm32cubeide/plugins/com.st.stm32cube.ide.mcu.externaltools.gnu-tools-for-stm32.7-2018-q2-update.win32_1.0.0.201904181610/tools/bin/../lib/gcc/arm-none-eabi/7.3.1/../../../../arm-none-eabi/lib/thumb/v7e-m/fpv5/hard\libc_nano.a(lib_a-memset.o)
                              c:/st/stm32cubeide_1.2.0/stm32cubeide/plugins/com.st.stm32cube.ide.mcu.externaltools.gnu-tools-for-stm32.7-2018-q2-update.win32_1.0.0.201904181610/tools/bin/../lib/gcc/arm-none-eabi/7.3.1/../../../../arm-none-eabi/lib/thumb/v7e-m/fpv5/hard/crt0.o (memset)

Allocating common symbols
Common symbol       size              file

uwTick              0x4               Drivers/STM32H7xx_HAL_Driver/Src/stm32h7xx_hal.o
pFlash              0x1c              Drivers/STM32H7xx_HAL_Driver/Src/stm32h7xx_hal_flash.o
hqspi               0x4c              Src/quadspi.o

Discarded input sections

 .group         0x0000000000000000        0xc Drivers/STM32H7xx_HAL_Driver/Src/stm32h7xx_hal.o
 .group         0x0000000000000000        0xc Drivers/STM32H7xx_HAL_Driver/Src/stm32h7xx_hal.o
 .group         0x0000000000000000        0xc Drivers/STM32H7xx_HAL_Driver/Src/stm32h7xx_hal.o
 .group         0x0000000000000000        0xc Drivers/STM32H7xx_HAL_Driver/Src/stm32h7xx_hal.o
 .group         0x0000000000000000        0xc Drivers/STM32H7xx_HAL_Driver/Src/stm32h7xx_hal.o
 .group         0x0000000000000000        0xc Drivers/STM32H7xx_HAL_Driver/Src/stm32h7xx_hal.o
 .group         0x0000000000000000        0xc Drivers/STM32H7xx_HAL_Driver/Src/stm32h7xx_hal.o
 .group         0x0000000000000000        0xc Drivers/STM32H7xx_HAL_Driver/Src/stm32h7xx_hal.o
 .group         0x0000000000000000        0xc Drivers/STM32H7xx_HAL_Driver/Src/stm32h7xx_hal.o
 .group         0x0000000000000000        0xc Drivers/STM32H7xx_HAL_Driver/Src/stm32h7xx_hal.o
 .group         0x0000000000000000        0xc Drivers/STM32H7xx_HAL_Driver/Src/stm32h7xx_hal.o
 .group         0x0000000000000000        0xc Drivers/STM32H7xx_HAL_Driver/Src/stm32h7xx_hal.o
 .group         0x0000000000000000        0xc Drivers/STM32H7xx_HAL_Driver/Src/stm32h7xx_hal.o
 .group         0x0000000000000000        0xc Drivers/STM32H7xx_HAL_Driver/Src/stm32h7xx_hal.o
 .group         0x0000000000000000        0xc Drivers/STM32H7xx_HAL_Driver/Src/stm32h7xx_hal.o
 .group         0x0000000000000000        0xc Drivers/STM32H7xx_HAL_Driver/Src/stm32h7xx_hal.o
 .group         0x0000000000000000        0xc Drivers/STM32H7xx_HAL_Driver/Src/stm32h7xx_hal.o
 .group         0x0000000000000000        0xc Drivers/STM32H7xx_HAL_Driver/Src/stm32h7xx_hal.o
 .group         0x0000000000000000        0xc Drivers/STM32H7xx_HAL_Driver/Src/stm32h7xx_hal.o
 .group         0x0000000000000000        0xc Drivers/STM32H7xx_HAL_Driver/Src/stm32h7xx_hal.o
 .group         0x0000000000000000        0xc Drivers/STM32H7xx_HAL_Driver/Src/stm32h7xx_hal.o
[...]
Memory Configuration

Name             Origin             Length             Attributes
RAM_D1           0x0000000024000004 0x0000000000080000 xrw
*default*        0x0000000000000000 0xffffffffffffffff

Linker script and memory map

LOAD c:/st/stm32cubeide_1.2.0/stm32cubeide/plugins/com.st.stm32cube.ide.mcu.externaltools.gnu-tools-for-stm32.7-2018-q2-update.win32_1.0.0.201904181610/tools/bin/../lib/gcc/arm-none-eabi/7.3.1/thumb/v7e-m/fpv5/hard/crti.o
LOAD c:/st/stm32cubeide_1.2.0/stm32cubeide/plugins/com.st.stm32cube.ide.mcu.externaltools.gnu-tools-for-stm32.7-2018-q2-update.win32_1.0.0.201904181610/tools/bin/../lib/gcc/arm-none-eabi/7.3.1/thumb/v7e-m/fpv5/hard/crtbegin.o
LOAD c:/st/stm32cubeide_1.2.0/stm32cubeide/plugins/com.st.stm32cube.ide.mcu.externaltools.gnu-tools-for-stm32.7-2018-q2-update.win32_1.0.0.201904181610/tools/bin/../lib/gcc/arm-none-eabi/7.3.1/../../../../arm-none-eabi/lib/thumb/v7e-m/fpv5/hard/crt0.o
LOAD Drivers/STM32H7xx_HAL_Driver/Src/stm32h7xx_hal.o
LOAD Drivers/STM32H7xx_HAL_Driver/Src/stm32h7xx_hal_cortex.o
LOAD Drivers/STM32H7xx_HAL_Driver/Src/stm32h7xx_hal_dma.o
LOAD Drivers/STM32H7xx_HAL_Driver/Src/stm32h7xx_hal_dma_ex.o
LOAD Drivers/STM32H7xx_HAL_Driver/Src/stm32h7xx_hal_exti.o
LOAD Drivers/STM32H7xx_HAL_Driver/Src/stm32h7xx_hal_flash.o
LOAD Drivers/STM32H7xx_HAL_Driver/Src/stm32h7xx_hal_flash_ex.o
LOAD Drivers/STM32H7xx_HAL_Driver/Src/stm32h7xx_hal_gpio.o
LOAD Drivers/STM32H7xx_HAL_Driver/Src/stm32h7xx_hal_hsem.o
LOAD Drivers/STM32H7xx_HAL_Driver/Src/stm32h7xx_hal_i2c.o
LOAD Drivers/STM32H7xx_HAL_Driver/Src/stm32h7xx_hal_i2c_ex.o
LOAD Drivers/STM32H7xx_HAL_Driver/Src/stm32h7xx_hal_mdma.o
LOAD Drivers/STM32H7xx_HAL_Driver/Src/stm32h7xx_hal_pwr.o
LOAD Drivers/STM32H7xx_HAL_Driver/Src/stm32h7xx_hal_pwr_ex.o
LOAD Drivers/STM32H7xx_HAL_Driver/Src/stm32h7xx_hal_qspi.o
LOAD Drivers/STM32H7xx_HAL_Driver/Src/stm32h7xx_hal_rcc.o
LOAD Drivers/STM32H7xx_HAL_Driver/Src/stm32h7xx_hal_rcc_ex.o
LOAD Drivers/STM32H7xx_HAL_Driver/Src/stm32h7xx_hal_tim.o
LOAD Drivers/STM32H7xx_HAL_Driver/Src/stm32h7xx_hal_tim_ex.o
LOAD Src/Dev_Inf.o
LOAD Src/Loader_Src.o
LOAD Src/main.o
LOAD Src/quadspi.o
LOAD Src/stm32h7xx_hal_msp.o
LOAD Src/stm32h7xx_it.o
LOAD Src/syscalls.o
LOAD Src/system_stm32h7xx.o
LOAD Startup/startup_stm32h743iitx.o
START GROUP
LOAD c:/st/stm32cubeide_1.2.0/stm32cubeide/plugins/com.st.stm32cube.ide.mcu.externaltools.gnu-tools-for-stm32.7-2018-q2-update.win32_1.0.0.201904181610/tools/bin/../lib/gcc/arm-none-eabi/7.3.1/../../../../arm-none-eabi/lib/thumb/v7e-m/fpv5/hard\libc_nano.a
LOAD c:/st/stm32cubeide_1.2.0/stm32cubeide/plugins/com.st.stm32cube.ide.mcu.externaltools.gnu-tools-for-stm32.7-2018-q2-update.win32_1.0.0.201904181610/tools/bin/../lib/gcc/arm-none-eabi/7.3.1/../../../../arm-none-eabi/lib/thumb/v7e-m/fpv5/hard\libm.a
END GROUP
START GROUP
LOAD c:/st/stm32cubeide_1.2.0/stm32cubeide/plugins/com.st.stm32cube.ide.mcu.externaltools.gnu-tools-for-stm32.7-2018-q2-update.win32_1.0.0.201904181610/tools/bin/../lib/gcc/arm-none-eabi/7.3.1/thumb/v7e-m/fpv5/hard\libgcc.a
LOAD c:/st/stm32cubeide_1.2.0/stm32cubeide/plugins/com.st.stm32cube.ide.mcu.externaltools.gnu-tools-for-stm32.7-2018-q2-update.win32_1.0.0.201904181610/tools/bin/../lib/gcc/arm-none-eabi/7.3.1/../../../../arm-none-eabi/lib/thumb/v7e-m/fpv5/hard\libc_nano.a
END GROUP
START GROUP
LOAD c:/st/stm32cubeide_1.2.0/stm32cubeide/plugins/com.st.stm32cube.ide.mcu.externaltools.gnu-tools-for-stm32.7-2018-q2-update.win32_1.0.0.201904181610/tools/bin/../lib/gcc/arm-none-eabi/7.3.1/thumb/v7e-m/fpv5/hard\libgcc.a
LOAD c:/st/stm32cubeide_1.2.0/stm32cubeide/plugins/com.st.stm32cube.ide.mcu.externaltools.gnu-tools-for-stm32.7-2018-q2-update.win32_1.0.0.201904181610/tools/bin/../lib/gcc/arm-none-eabi/7.3.1/../../../../arm-none-eabi/lib/thumb/v7e-m/fpv5/hard\libc_nano.a
END GROUP
LOAD c:/st/stm32cubeide_1.2.0/stm32cubeide/plugins/com.st.stm32cube.ide.mcu.externaltools.gnu-tools-for-stm32.7-2018-q2-update.win32_1.0.0.201904181610/tools/bin/../lib/gcc/arm-none-eabi/7.3.1/thumb/v7e-m/fpv5/hard/crtend.o
LOAD c:/st/stm32cubeide_1.2.0/stm32cubeide/plugins/com.st.stm32cube.ide.mcu.externaltools.gnu-tools-for-stm32.7-2018-q2-update.win32_1.0.0.201904181610/tools/bin/../lib/gcc/arm-none-eabi/7.3.1/thumb/v7e-m/fpv5/hard/crtn.o
                0x0000000024080004                _estack = (ORIGIN (RAM_D1) + LENGTH (RAM_D1))
                0x0000000000000400                _Min_Heap_Size = 0x400
                0x0000000000000600                _Min_Stack_Size = 0x600

.isr_vector     0x0000000024000004      0x494
                0x0000000024000200                . = (. + 0x1fc)
 *fill*         0x0000000024000004      0x1fc 
                0x0000000024000200                . = ALIGN (0x4)
 *(.isr_vector)
 .isr_vector    0x0000000024000200      0x298 Startup/startup_stm32h743iitx.o
                0x0000000024000200                g_pfnVectors
                0x0000000024000498                . = ALIGN (0x4)

.ARM.extab      0x0000000024000498        0x0
 *(.ARM.extab* .gnu.linkonce.armextab.*)
 .ARM.extab     0x0000000024000498        0x0 c:/st/stm32cubeide_1.2.0/stm32cubeide/plugins/com.st.stm32cube.ide.mcu.externaltools.gnu-tools-for-stm32.7-2018-q2-update.win32_1.0.0.201904181610/tools/bin/../lib/gcc/arm-none-eabi/7.3.1/../../../../arm-none-eabi/lib/thumb/v7e-m/fpv5/hard/crt0.o

.ARM            0x0000000024000498        0x8
                0x0000000024000498                __exidx_start = .
 *(.ARM.exidx*)
 .ARM.exidx     0x0000000024000498        0x8 c:/st/stm32cubeide_1.2.0/stm32cubeide/plugins/com.st.stm32cube.ide.mcu.externaltools.gnu-tools-for-stm32.7-2018-q2-update.win32_1.0.0.201904181610/tools/bin/../lib/gcc/arm-none-eabi/7.3.1/../../../../arm-none-eabi/lib/thumb/v7e-m/fpv5/hard/crt0.o
                0x00000000240004a0                __exidx_end = .

.preinit_array  0x00000000240004a0        0x0
                0x00000000240004a0                PROVIDE (__preinit_array_start = .)
 *(.preinit_array*)
                0x00000000240004a0                PROVIDE (__preinit_array_end = .)

.init_array     0x00000000240004a0        0x4
                0x00000000240004a0                PROVIDE (__init_array_start = .)
 *(SORT_BY_NAME(.init_array.*))
 *(.init_array*)
 .init_array    0x00000000240004a0        0x4 c:/st/stm32cubeide_1.2.0/stm32cubeide/plugins/com.st.stm32cube.ide.mcu.externaltools.gnu-tools-for-stm32.7-2018-q2-update.win32_1.0.0.201904181610/tools/bin/../lib/gcc/arm-none-eabi/7.3.1/thumb/v7e-m/fpv5/hard/crtbegin.o
                0x00000000240004a4                PROVIDE (__init_array_end = .)

.fini_array     0x00000000240004a4        0x4
                [!provide]                        PROVIDE (__fini_array_start = .)
 *(SORT_BY_NAME(.fini_array.*))
 *(.fini_array*)
 .fini_array    0x00000000240004a4        0x4 c:/st/stm32cubeide_1.2.0/stm32cubeide/plugins/com.st.stm32cube.ide.mcu.externaltools.gnu-tools-for-stm32.7-2018-q2-update.win32_1.0.0.201904181610/tools/bin/../lib/gcc/arm-none-eabi/7.3.1/thumb/v7e-m/fpv5/hard/crtbegin.o
                [!provide]                        PROVIDE (__fini_array_end = .)
                0x00000000240004a8                _sidata = LOADADDR (.data)

.data           0x00000000240004a8       0x7c
                0x00000000240004a8                . = ALIGN (0x4)
                0x00000000240004a8                _sdata = .
 *(.data)
 .data          0x00000000240004a8        0x0 c:/st/stm32cubeide_1.2.0/stm32cubeide/plugins/com.st.stm32cube.ide.mcu.externaltools.gnu-tools-for-stm32.7-2018-q2-update.win32_1.0.0.201904181610/tools/bin/../lib/gcc/arm-none-eabi/7.3.1/thumb/v7e-m/fpv5/hard/crti.o
 .data          0x00000000240004a8        0x4 c:/st/stm32cubeide_1.2.0/stm32cubeide/plugins/com.st.stm32cube.ide.mcu.externaltools.gnu-tools-for-stm32.7-2018-q2-update.win32_1.0.0.201904181610/tools/bin/../lib/gcc/arm-none-eabi/7.3.1/thumb/v7e-m/fpv5/hard/crtbegin.o
                0x00000000240004a8                __dso_handle
 .data          0x00000000240004ac        0x0 c:/st/stm32cubeide_1.2.0/stm32cubeide/plugins/com.st.stm32cube.ide.mcu.externaltools.gnu-tools-for-stm32.7-2018-q2-update.win32_1.0.0.201904181610/tools/bin/../lib/gcc/arm-none-eabi/7.3.1/../../../../arm-none-eabi/lib/thumb/v7e-m/fpv5/hard/crt0.o
 .data          0x00000000240004ac        0x0 Drivers/STM32H7xx_HAL_Driver/Src/stm32h7xx_hal.o
 .data          0x00000000240004ac        0x0 Drivers/STM32H7xx_HAL_Driver/Src/stm32h7xx_hal_cortex.o
 .data          0x00000000240004ac        0x0 Drivers/STM32H7xx_HAL_Driver/Src/stm32h7xx_hal_dma.o
 .data          0x00000000240004ac        0x0 Drivers/STM32H7xx_HAL_Driver/Src/stm32h7xx_hal_dma_ex.o
 .data          0x00000000240004ac        0x0 Drivers/STM32H7xx_HAL_Driver/Src/stm32h7xx_hal_exti.o
 .data          0x00000000240004ac        0x0 Drivers/STM32H7xx_HAL_Driver/Src/stm32h7xx_hal_flash.o
 .data          0x00000000240004ac        0x0 Drivers/STM32H7xx_HAL_Driver/Src/stm32h7xx_hal_flash_ex.o
 .data          0x00000000240004ac        0x0 Drivers/STM32H7xx_HAL_Driver/Src/stm32h7xx_hal_gpio.o
 .data          0x00000000240004ac        0x0 Drivers/STM32H7xx_HAL_Driver/Src/stm32h7xx_hal_hsem.o
 .data          0x00000000240004ac        0x0 Drivers/STM32H7xx_HAL_Driver/Src/stm32h7xx_hal_i2c.o
 .data          0x00000000240004ac        0x0 Drivers/STM32H7xx_HAL_Driver/Src/stm32h7xx_hal_i2c_ex.o
 .data          0x00000000240004ac        0x0 Drivers/STM32H7xx_HAL_Driver/Src/stm32h7xx_hal_mdma.o
 .data          0x00000000240004ac        0x0 Drivers/STM32H7xx_HAL_Driver/Src/stm32h7xx_hal_pwr.o
 .data          0x00000000240004ac        0x0 Drivers/STM32H7xx_HAL_Driver/Src/stm32h7xx_hal_pwr_ex.o
 .data          0x00000000240004ac        0x0 Drivers/STM32H7xx_HAL_Driver/Src/stm32h7xx_hal_qspi.o
 .data          0x00000000240004ac        0x0 Drivers/STM32H7xx_HAL_Driver/Src/stm32h7xx_hal_rcc.o
 .data          0x00000000240004ac        0x0 Drivers/STM32H7xx_HAL_Driver/Src/stm32h7xx_hal_rcc_ex.o
 .data          0x00000000240004ac        0x0 Drivers/STM32H7xx_HAL_Driver/Src/stm32h7xx_hal_tim.o
 .data          0x00000000240004ac        0x0 Drivers/STM32H7xx_HAL_Driver/Src/stm32h7xx_hal_tim_ex.o
 .data          0x00000000240004ac        0x0 Src/Dev_Inf.o
 .data          0x00000000240004ac        0x0 Src/Loader_Src.o
 .data          0x00000000240004ac        0x0 Src/main.o
 .data          0x00000000240004ac        0x0 Src/quadspi.o
 .data          0x00000000240004ac        0x0 Src/stm32h7xx_hal_msp.o
 .data          0x00000000240004ac        0x0 Src/stm32h7xx_it.o
 .data          0x00000000240004ac        0x0 Src/syscalls.o
 .data          0x00000000240004ac        0x0 Src/system_stm32h7xx.o
 .data          0x00000000240004ac        0x0 Startup/startup_stm32h743iitx.o
 .data          0x00000000240004ac        0x0 c:/st/stm32cubeide_1.2.0/stm32cubeide/plugins/com.st.stm32cube.ide.mcu.externaltools.gnu-tools-for-stm32.7-2018-q2-update.win32_1.0.0.201904181610/tools/bin/../lib/gcc/arm-none-eabi/7.3.1/../../../../arm-none-eabi/lib/thumb/v7e-m/fpv5/hard\libc_nano.a(lib_a-errno.o)
 .data          0x00000000240004ac        0x0 c:/st/stm32cubeide_1.2.0/stm32cubeide/plugins/com.st.stm32cube.ide.mcu.externaltools.gnu-tools-for-stm32.7-2018-q2-update.win32_1.0.0.201904181610/tools/bin/../lib/gcc/arm-none-eabi/7.3.1/../../../../arm-none-eabi/lib/thumb/v7e-m/fpv5/hard\libc_nano.a(lib_a-exit.o)
 .data          0x00000000240004ac        0x0 c:/st/stm32cubeide_1.2.0/stm32cubeide/plugins/com.st.stm32cube.ide.mcu.externaltools.gnu-tools-for-stm32.7-2018-q2-update.win32_1.0.0.201904181610/tools/bin/../lib/gcc/arm-none-eabi/7.3.1/../../../../arm-none-eabi/lib/thumb/v7e-m/fpv5/hard\libc_nano.a(lib_a-impure.o)
 .data          0x00000000240004ac        0x0 c:/st/stm32cubeide_1.2.0/stm32cubeide/plugins/com.st.stm32cube.ide.mcu.externaltools.gnu-tools-for-stm32.7-2018-q2-update.win32_1.0.0.201904181610/tools/bin/../lib/gcc/arm-none-eabi/7.3.1/../../../../arm-none-eabi/lib/thumb/v7e-m/fpv5/hard\libc_nano.a(lib_a-init.o)
 .data          0x00000000240004ac        0x0 c:/st/stm32cubeide_1.2.0/stm32cubeide/plugins/com.st.stm32cube.ide.mcu.externaltools.gnu-tools-for-stm32.7-2018-q2-update.win32_1.0.0.201904181610/tools/bin/../lib/gcc/arm-none-eabi/7.3.1/../../../../arm-none-eabi/lib/thumb/v7e-m/fpv5/hard\libc_nano.a(lib_a-memset.o)
 .data          0x00000000240004ac        0x0 c:/st/stm32cubeide_1.2.0/stm32cubeide/plugins/com.st.stm32cube.ide.mcu.externaltools.gnu-tools-for-stm32.7-2018-q2-update.win32_1.0.0.201904181610/tools/bin/../lib/gcc/arm-none-eabi/7.3.1/thumb/v7e-m/fpv5/hard/crtend.o
 .data          0x00000000240004ac        0x0 c:/st/stm32cubeide_1.2.0/stm32cubeide/plugins/com.st.stm32cube.ide.mcu.externaltools.gnu-tools-for-stm32.7-2018-q2-update.win32_1.0.0.201904181610/tools/bin/../lib/gcc/arm-none-eabi/7.3.1/thumb/v7e-m/fpv5/hard/crtn.o
 *(.data*)
 .data.uwTickPrio
                0x00000000240004ac        0x4 Drivers/STM32H7xx_HAL_Driver/Src/stm32h7xx_hal.o
                0x00000000240004ac                uwTickPrio
 .data.uwTickFreq
                0x00000000240004b0        0x1 Drivers/STM32H7xx_HAL_Driver/Src/stm32h7xx_hal.o
                0x00000000240004b0                uwTickFreq
 *fill*         0x00000000240004b1        0x3 
 .data.environ  0x00000000240004b4        0x4 Src/syscalls.o
                0x00000000240004b4                environ
 .data.SystemCoreClock
                0x00000000240004b8        0x4 Src/system_stm32h7xx.o
                0x00000000240004b8                SystemCoreClock
 .data.SystemD2Clock
                0x00000000240004bc        0x4 Src/system_stm32h7xx.o
                0x00000000240004bc                SystemD2Clock
 .data._impure_ptr
                0x00000000240004c0        0x4 c:/st/stm32cubeide_1.2.0/stm32cubeide/plugins/com.st.stm32cube.ide.mcu.externaltools.gnu-tools-for-stm32.7-2018-q2-update.win32_1.0.0.201904181610/tools/bin/../lib/gcc/arm-none-eabi/7.3.1/../../../../arm-none-eabi/lib/thumb/v7e-m/fpv5/hard\libc_nano.a(lib_a-impure.o)
                0x00000000240004c0                _impure_ptr
 .data.impure_data
                0x00000000240004c4       0x60 c:/st/stm32cubeide_1.2.0/stm32cubeide/plugins/com.st.stm32cube.ide.mcu.externaltools.gnu-tools-for-stm32.7-2018-q2-update.win32_1.0.0.201904181610/tools/bin/../lib/gcc/arm-none-eabi/7.3.1/../../../../arm-none-eabi/lib/thumb/v7e-m/fpv5/hard\libc_nano.a(lib_a-impure.o)
                0x0000000024000524                . = ALIGN (0x4)
                0x0000000024000524                _edata = .

.igot.plt       0x0000000024000524        0x0
 .igot.plt      0x0000000024000524        0x0 c:/st/stm32cubeide_1.2.0/stm32cubeide/plugins/com.st.stm32cube.ide.mcu.externaltools.gnu-tools-for-stm32.7-2018-q2-update.win32_1.0.0.201904181610/tools/bin/../lib/gcc/arm-none-eabi/7.3.1/thumb/v7e-m/fpv5/hard/crtbegin.o
                0x0000000024000524                . = ALIGN (0x4)

.bss            0x0000000024000524       0x8c
                0x0000000024000524                _sbss = .
                0x0000000024000524                __bss_start__ = _sbss
 *(.bss)
 .bss           0x0000000024000524        0x0 c:/st/stm32cubeide_1.2.0/stm32cubeide/plugins/com.st.stm32cube.ide.mcu.externaltools.gnu-tools-for-stm32.7-2018-q2-update.win32_1.0.0.201904181610/tools/bin/../lib/gcc/arm-none-eabi/7.3.1/thumb/v7e-m/fpv5/hard/crti.o
 .bss           0x0000000024000524       0x1c c:/st/stm32cubeide_1.2.0/stm32cubeide/plugins/com.st.stm32cube.ide.mcu.externaltools.gnu-tools-for-stm32.7-2018-q2-update.win32_1.0.0.201904181610/tools/bin/../lib/gcc/arm-none-eabi/7.3.1/thumb/v7e-m/fpv5/hard/crtbegin.o
 .bss           0x0000000024000540        0x0 c:/st/stm32cubeide_1.2.0/stm32cubeide/plugins/com.st.stm32cube.ide.mcu.externaltools.gnu-tools-for-stm32.7-2018-q2-update.win32_1.0.0.201904181610/tools/bin/../lib/gcc/arm-none-eabi/7.3.1/../../../../arm-none-eabi/lib/thumb/v7e-m/fpv5/hard/crt0.o
 .bss           0x0000000024000540        0x0 Drivers/STM32H7xx_HAL_Driver/Src/stm32h7xx_hal.o
 .bss           0x0000000024000540        0x0 Drivers/STM32H7xx_HAL_Driver/Src/stm32h7xx_hal_cortex.o
 .bss           0x0000000024000540        0x0 Drivers/STM32H7xx_HAL_Driver/Src/stm32h7xx_hal_dma.o
 .bss           0x0000000024000540        0x0 Drivers/STM32H7xx_HAL_Driver/Src/stm32h7xx_hal_dma_ex.o
 .bss           0x0000000024000540        0x0 Drivers/STM32H7xx_HAL_Driver/Src/stm32h7xx_hal_exti.o
 .bss           0x0000000024000540        0x0 Drivers/STM32H7xx_HAL_Driver/Src/stm32h7xx_hal_flash.o
 .bss           0x0000000024000540        0x0 Drivers/STM32H7xx_HAL_Driver/Src/stm32h7xx_hal_flash_ex.o
 .bss           0x0000000024000540        0x0 Drivers/STM32H7xx_HAL_Driver/Src/stm32h7xx_hal_gpio.o
 .bss           0x0000000024000540        0x0 Drivers/STM32H7xx_HAL_Driver/Src/stm32h7xx_hal_hsem.o
 .bss           0x0000000024000540        0x0 Drivers/STM32H7xx_HAL_Driver/Src/stm32h7xx_hal_i2c.o
 .bss           0x0000000024000540        0x0 Drivers/STM32H7xx_HAL_Driver/Src/stm32h7xx_hal_i2c_ex.o
 .bss           0x0000000024000540        0x0 Drivers/STM32H7xx_HAL_Driver/Src/stm32h7xx_hal_mdma.o
 .bss           0x0000000024000540        0x0 Drivers/STM32H7xx_HAL_Driver/Src/stm32h7xx_hal_pwr.o
 .bss           0x0000000024000540        0x0 Drivers/STM32H7xx_HAL_Driver/Src/stm32h7xx_hal_pwr_ex.o
 .bss           0x0000000024000540        0x0 Drivers/STM32H7xx_HAL_Driver/Src/stm32h7xx_hal_qspi.o
 .bss           0x0000000024000540        0x0 Drivers/STM32H7xx_HAL_Driver/Src/stm32h7xx_hal_rcc.o
 .bss           0x0000000024000540        0x0 Drivers/STM32H7xx_HAL_Driver/Src/stm32h7xx_hal_rcc_ex.o
 .bss           0x0000000024000540        0x0 Drivers/STM32H7xx_HAL_Driver/Src/stm32h7xx_hal_tim.o
 .bss           0x0000000024000540        0x0 Drivers/STM32H7xx_HAL_Driver/Src/stm32h7xx_hal_tim_ex.o
 .bss           0x0000000024000540        0x0 Src/Dev_Inf.o
 .bss           0x0000000024000540        0x0 Src/Loader_Src.o
 .bss           0x0000000024000540        0x0 Src/main.o
 .bss           0x0000000024000540        0x0 Src/quadspi.o
 .bss           0x0000000024000540        0x0 Src/stm32h7xx_hal_msp.o
 .bss           0x0000000024000540        0x0 Src/stm32h7xx_it.o
 .bss           0x0000000024000540        0x0 Src/syscalls.o
 .bss           0x0000000024000540        0x0 Src/system_stm32h7xx.o
 .bss           0x0000000024000540        0x0 Startup/startup_stm32h743iitx.o
 .bss           0x0000000024000540        0x0 c:/st/stm32cubeide_1.2.0/stm32cubeide/plugins/com.st.stm32cube.ide.mcu.externaltools.gnu-tools-for-stm32.7-2018-q2-update.win32_1.0.0.201904181610/tools/bin/../lib/gcc/arm-none-eabi/7.3.1/../../../../arm-none-eabi/lib/thumb/v7e-m/fpv5/hard\libc_nano.a(lib_a-errno.o)
 .bss           0x0000000024000540        0x0 c:/st/stm32cubeide_1.2.0/stm32cubeide/plugins/com.st.stm32cube.ide.mcu.externaltools.gnu-tools-for-stm32.7-2018-q2-update.win32_1.0.0.201904181610/tools/bin/../lib/gcc/arm-none-eabi/7.3.1/../../../../arm-none-eabi/lib/thumb/v7e-m/fpv5/hard\libc_nano.a(lib_a-exit.o)
 .bss           0x0000000024000540        0x0 c:/st/stm32cubeide_1.2.0/stm32cubeide/plugins/com.st.stm32cube.ide.mcu.externaltools.gnu-tools-for-stm32.7-2018-q2-update.win32_1.0.0.201904181610/tools/bin/../lib/gcc/arm-none-eabi/7.3.1/../../../../arm-none-eabi/lib/thumb/v7e-m/fpv5/hard\libc_nano.a(lib_a-impure.o)
 .bss           0x0000000024000540        0x0 c:/st/stm32cubeide_1.2.0/stm32cubeide/plugins/com.st.stm32cube.ide.mcu.externaltools.gnu-tools-for-stm32.7-2018-q2-update.win32_1.0.0.201904181610/tools/bin/../lib/gcc/arm-none-eabi/7.3.1/../../../../arm-none-eabi/lib/thumb/v7e-m/fpv5/hard\libc_nano.a(lib_a-init.o)
 .bss           0x0000000024000540        0x0 c:/st/stm32cubeide_1.2.0/stm32cubeide/plugins/com.st.stm32cube.ide.mcu.externaltools.gnu-tools-for-stm32.7-2018-q2-update.win32_1.0.0.201904181610/tools/bin/../lib/gcc/arm-none-eabi/7.3.1/../../../../arm-none-eabi/lib/thumb/v7e-m/fpv5/hard\libc_nano.a(lib_a-memset.o)
 .bss           0x0000000024000540        0x0 c:/st/stm32cubeide_1.2.0/stm32cubeide/plugins/com.st.stm32cube.ide.mcu.externaltools.gnu-tools-for-stm32.7-2018-q2-update.win32_1.0.0.201904181610/tools/bin/../lib/gcc/arm-none-eabi/7.3.1/thumb/v7e-m/fpv5/hard/crtend.o
 .bss           0x0000000024000540        0x0 c:/st/stm32cubeide_1.2.0/stm32cubeide/plugins/com.st.stm32cube.ide.mcu.externaltools.gnu-tools-for-stm32.7-2018-q2-update.win32_1.0.0.201904181610/tools/bin/../lib/gcc/arm-none-eabi/7.3.1/thumb/v7e-m/fpv5/hard/crtn.o
 *(.bss*)
 .bss.__env     0x0000000024000540        0x4 Src/syscalls.o
                0x0000000024000540                __env
 *(COMMON)
 COMMON         0x0000000024000544        0x4 Drivers/STM32H7xx_HAL_Driver/Src/stm32h7xx_hal.o
                0x0000000024000544                uwTick
 COMMON         0x0000000024000548       0x1c Drivers/STM32H7xx_HAL_Driver/Src/stm32h7xx_hal_flash.o
                0x0000000024000548                pFlash
 COMMON         0x0000000024000564       0x4c Src/quadspi.o
                0x0000000024000564                hqspi
                0x00000000240005b0                . = ALIGN (0x4)
                0x00000000240005b0                _ebss = .
                0x00000000240005b0                __bss_end__ = _ebss

.text           0x00000000240005b0    0x16738
                0x00000000240005b0                . = ALIGN (0x4)
 *(.text)
 .text          0x00000000240005b0        0x0 c:/st/stm32cubeide_1.2.0/stm32cubeide/plugins/com.st.stm32cube.ide.mcu.externaltools.gnu-tools-for-stm32.7-2018-q2-update.win32_1.0.0.201904181610/tools/bin/../lib/gcc/arm-none-eabi/7.3.1/thumb/v7e-m/fpv5/hard/crti.o
 .text          0x00000000240005b0       0x40 c:/st/stm32cubeide_1.2.0/stm32cubeide/plugins/com.st.stm32cube.ide.mcu.externaltools.gnu-tools-for-stm32.7-2018-q2-update.win32_1.0.0.201904181610/tools/bin/../lib/gcc/arm-none-eabi/7.3.1/thumb/v7e-m/fpv5/hard/crtbegin.o
 .text          0x00000000240005f0       0x74 c:/st/stm32cubeide_1.2.0/stm32cubeide/plugins/com.st.stm32cube.ide.mcu.externaltools.gnu-tools-for-stm32.7-2018-q2-update.win32_1.0.0.201904181610/tools/bin/../lib/gcc/arm-none-eabi/7.3.1/../../../../arm-none-eabi/lib/thumb/v7e-m/fpv5/hard/crt0.o
                0x00000000240005f0                _start
                0x00000000240005f0                _mainCRTStartup
 .text          0x0000000024000664        0x0 Drivers/STM32H7xx_HAL_Driver/Src/stm32h7xx_hal.o
 .text          0x0000000024000664        0x0 Drivers/STM32H7xx_HAL_Driver/Src/stm32h7xx_hal_cortex.o
 .text          0x0000000024000664        0x0 Drivers/STM32H7xx_HAL_Driver/Src/stm32h7xx_hal_dma.o
 .text          0x0000000024000664        0x0 Drivers/STM32H7xx_HAL_Driver/Src/stm32h7xx_hal_dma_ex.o
 .text          0x0000000024000664        0x0 Drivers/STM32H7xx_HAL_Driver/Src/stm32h7xx_hal_exti.o
 .text          0x0000000024000664        0x0 Drivers/STM32H7xx_HAL_Driver/Src/stm32h7xx_hal_flash.o
 .text          0x0000000024000664        0x0 Drivers/STM32H7xx_HAL_Driver/Src/stm32h7xx_hal_flash_ex.o
 .text          0x0000000024000664        0x0 Drivers/STM32H7xx_HAL_Driver/Src/stm32h7xx_hal_gpio.o
 .text          0x0000000024000664        0x0 Drivers/STM32H7xx_HAL_Driver/Src/stm32h7xx_hal_hsem.o
 .text          0x0000000024000664        0x0 Drivers/STM32H7xx_HAL_Driver/Src/stm32h7xx_hal_i2c.o
 .text          0x0000000024000664        0x0 Drivers/STM32H7xx_HAL_Driver/Src/stm32h7xx_hal_i2c_ex.o
 .text          0x0000000024000664        0x0 Drivers/STM32H7xx_HAL_Driver/Src/stm32h7xx_hal_mdma.o
 .text          0x0000000024000664        0x0 Drivers/STM32H7xx_HAL_Driver/Src/stm32h7xx_hal_pwr.o
 .text          0x0000000024000664        0x0 Drivers/STM32H7xx_HAL_Driver/Src/stm32h7xx_hal_pwr_ex.o
 .text          0x0000000024000664        0x0 Drivers/STM32H7xx_HAL_Driver/Src/stm32h7xx_hal_qspi.o
 .text          0x0000000024000664        0x0 Drivers/STM32H7xx_HAL_Driver/Src/stm32h7xx_hal_rcc.o
 .text          0x0000000024000664        0x0 Drivers/STM32H7xx_HAL_Driver/Src/stm32h7xx_hal_rcc_ex.o
 .text          0x0000000024000664        0x0 Drivers/STM32H7xx_HAL_Driver/Src/stm32h7xx_hal_tim.o
 .text          0x0000000024000664        0x0 Drivers/STM32H7xx_HAL_Driver/Src/stm32h7xx_hal_tim_ex.o
 .text          0x0000000024000664        0x0 Src/Dev_Inf.o
 .text          0x0000000024000664        0x0 Src/Loader_Src.o
 .text          0x0000000024000664        0x0 Src/main.o
 .text          0x0000000024000664        0x0 Src/quadspi.o
 .text          0x0000000024000664        0x0 Src/stm32h7xx_hal_msp.o
 .text          0x0000000024000664        0x0 Src/stm32h7xx_it.o
 .text          0x0000000024000664        0x0 Src/syscalls.o
 .text          0x0000000024000664        0x0 Src/system_stm32h7xx.o
 .text          0x0000000024000664       0x14 Startup/startup_stm32h743iitx.o
 .text          0x0000000024000678        0x0 c:/st/stm32cubeide_1.2.0/stm32cubeide/plugins/com.st.stm32cube.ide.mcu.externaltools.gnu-tools-for-stm32.7-2018-q2-update.win32_1.0.0.201904181610/tools/bin/../lib/gcc/arm-none-eabi/7.3.1/../../../../arm-none-eabi/lib/thumb/v7e-m/fpv5/hard\libc_nano.a(lib_a-errno.o)
 .text          0x0000000024000678        0x0 c:/st/stm32cubeide_1.2.0/stm32cubeide/plugins/com.st.stm32cube.ide.mcu.externaltools.gnu-tools-for-stm32.7-2018-q2-update.win32_1.0.0.201904181610/tools/bin/../lib/gcc/arm-none-eabi/7.3.1/../../../../arm-none-eabi/lib/thumb/v7e-m/fpv5/hard\libc_nano.a(lib_a-exit.o)
 .text          0x0000000024000678        0x0 c:/st/stm32cubeide_1.2.0/stm32cubeide/plugins/com.st.stm32cube.ide.mcu.externaltools.gnu-tools-for-stm32.7-2018-q2-update.win32_1.0.0.201904181610/tools/bin/../lib/gcc/arm-none-eabi/7.3.1/../../../../arm-none-eabi/lib/thumb/v7e-m/fpv5/hard\libc_nano.a(lib_a-impure.o)
 .text          0x0000000024000678        0x0 c:/st/stm32cubeide_1.2.0/stm32cubeide/plugins/com.st.stm32cube.ide.mcu.externaltools.gnu-tools-for-stm32.7-2018-q2-update.win32_1.0.0.201904181610/tools/bin/../lib/gcc/arm-none-eabi/7.3.1/../../../../arm-none-eabi/lib/thumb/v7e-m/fpv5/hard\libc_nano.a(lib_a-init.o)
 .text          0x0000000024000678        0x0 c:/st/stm32cubeide_1.2.0/stm32cubeide/plugins/com.st.stm32cube.ide.mcu.externaltools.gnu-tools-for-stm32.7-2018-q2-update.win32_1.0.0.201904181610/tools/bin/../lib/gcc/arm-none-eabi/7.3.1/../../../../arm-none-eabi/lib/thumb/v7e-m/fpv5/hard\libc_nano.a(lib_a-memset.o)
 .text          0x0000000024000678        0x0 c:/st/stm32cubeide_1.2.0/stm32cubeide/plugins/com.st.stm32cube.ide.mcu.externaltools.gnu-tools-for-stm32.7-2018-q2-update.win32_1.0.0.201904181610/tools/bin/../lib/gcc/arm-none-eabi/7.3.1/thumb/v7e-m/fpv5/hard/crtend.o
 .text          0x0000000024000678        0x0 c:/st/stm32cubeide_1.2.0/stm32cubeide/plugins/com.st.stm32cube.ide.mcu.externaltools.gnu-tools-for-stm32.7-2018-q2-update.win32_1.0.0.201904181610/tools/bin/../lib/gcc/arm-none-eabi/7.3.1/thumb/v7e-m/fpv5/hard/crtn.o
 *(.text*)
 .text.HAL_Init
                0x0000000024000678       0x78 Drivers/STM32H7xx_HAL_Driver/Src/stm32h7xx_hal.o
                0x0000000024000678                HAL_Init
 .text.HAL_DeInit
                0x00000000240006f0       0xb0 Drivers/STM32H7xx_HAL_Driver/Src/stm32h7xx_hal.o
                0x00000000240006f0                HAL_DeInit
 .text.HAL_MspInit
                0x00000000240007a0        0xe Drivers/STM32H7xx_HAL_Driver/Src/stm32h7xx_hal.o
 .text.HAL_MspDeInit
                0x00000000240007ae        0xe Drivers/STM32H7xx_HAL_Driver/Src/stm32h7xx_hal.o
                0x00000000240007ae                HAL_MspDeInit
 .text.HAL_InitTick
                0x00000000240007bc       0x6c Drivers/STM32H7xx_HAL_Driver/Src/stm32h7xx_hal.o
                0x00000000240007bc                HAL_InitTick
 .text.HAL_IncTick
                0x0000000024000828       0x28 Drivers/STM32H7xx_HAL_Driver/Src/stm32h7xx_hal.o
                0x0000000024000828                HAL_IncTick
 .text.HAL_GetTick
                0x0000000024000850       0x18 Drivers/STM32H7xx_HAL_Driver/Src/stm32h7xx_hal.o
                0x0000000024000850                HAL_GetTick
 .text.HAL_GetTickPrio
                0x0000000024000868       0x18 Drivers/STM32H7xx_HAL_Driver/Src/stm32h7xx_hal.o
                0x0000000024000868                HAL_GetTickPrio
 .text.HAL_SetTickFreq
                0x0000000024000880       0x50 Drivers/STM32H7xx_HAL_Driver/Src/stm32h7xx_hal.o
                0x0000000024000880                HAL_SetTickFreq
 .text.HAL_GetTickFreq
                0x00000000240008d0       0x18 Drivers/STM32H7xx_HAL_Driver/Src/stm32h7xx_hal.o
                0x00000000240008d0                HAL_GetTickFreq
 .text.HAL_Delay
                0x00000000240008e8       0x44 Drivers/STM32H7xx_HAL_Driver/Src/stm32h7xx_hal.o
                0x00000000240008e8                HAL_Delay
 .text.HAL_SuspendTick
                0x000000002400092c       0x20 Drivers/STM32H7xx_HAL_Driver/Src/stm32h7xx_hal.o
                0x000000002400092c                HAL_SuspendTick
 .text.HAL_ResumeTick
                0x000000002400094c       0x20 Drivers/STM32H7xx_HAL_Driver/Src/stm32h7xx_hal.o
                0x000000002400094c                HAL_ResumeTick
 .text.HAL_GetHalVersion
                0x000000002400096c       0x12 Drivers/STM32H7xx_HAL_Driver/Src/stm32h7xx_hal.o
                0x000000002400096c                HAL_GetHalVersion
 *fill*         0x000000002400097e        0x2 
 .text.HAL_GetREVID
                0x0000000024000980       0x18 Drivers/STM32H7xx_HAL_Driver/Src/stm32h7xx_hal.o
                0x0000000024000980                HAL_GetREVID
 .text.HAL_GetDEVID
                0x0000000024000998       0x1c Drivers/STM32H7xx_HAL_Driver/Src/stm32h7xx_hal.o
                0x0000000024000998                HAL_GetDEVID
 .text.HAL_GetUIDw0
                0x00000000240009b4       0x18 Drivers/STM32H7xx_HAL_Driver/Src/stm32h7xx_hal.o
                0x00000000240009b4                HAL_GetUIDw0
 .text.HAL_GetUIDw1
                0x00000000240009cc       0x18 Drivers/STM32H7xx_HAL_Driver/Src/stm32h7xx_hal.o
                0x00000000240009cc                HAL_GetUIDw1
 .text.HAL_GetUIDw2
                0x00000000240009e4       0x18 Drivers/STM32H7xx_HAL_Driver/Src/stm32h7xx_hal.o
                0x00000000240009e4                HAL_GetUIDw2
 .text.HAL_SYSCFG_VREFBUF_VoltageScalingConfig
                0x00000000240009fc       0x28 Drivers/STM32H7xx_HAL_Driver/Src/stm32h7xx_hal.o
                0x00000000240009fc                HAL_SYSCFG_VREFBUF_VoltageScalingConfig
 .text.HAL_SYSCFG_VREFBUF_HighImpedanceConfig
                0x0000000024000a24       0x28 Drivers/STM32H7xx_HAL_Driver/Src/stm32h7xx_hal.o
                0x0000000024000a24                HAL_SYSCFG_VREFBUF_HighImpedanceConfig
 .text.HAL_SYSCFG_VREFBUF_TrimmingConfig
                0x0000000024000a4c       0x28 Drivers/STM32H7xx_HAL_Driver/Src/stm32h7xx_hal.o
                0x0000000024000a4c                HAL_SYSCFG_VREFBUF_TrimmingConfig
 .text.HAL_SYSCFG_EnableVREFBUF
                0x0000000024000a74       0x48 Drivers/STM32H7xx_HAL_Driver/Src/stm32h7xx_hal.o
                0x0000000024000a74                HAL_SYSCFG_EnableVREFBUF
 .text.HAL_SYSCFG_DisableVREFBUF
                0x0000000024000abc       0x20 Drivers/STM32H7xx_HAL_Driver/Src/stm32h7xx_hal.o
                0x0000000024000abc                HAL_SYSCFG_DisableVREFBUF
 .text.HAL_SYSCFG_ETHInterfaceSelect
                0x0000000024000adc       0x28 Drivers/STM32H7xx_HAL_Driver/Src/stm32h7xx_hal.o
                0x0000000024000adc                HAL_SYSCFG_ETHInterfaceSelect
 .text.HAL_SYSCFG_AnalogSwitchConfig
                0x0000000024000b04       0x2c Drivers/STM32H7xx_HAL_Driver/Src/stm32h7xx_hal.o
                0x0000000024000b04                HAL_SYSCFG_AnalogSwitchConfig
 .text.HAL_SYSCFG_EnableBOOST
                0x0000000024000b30       0x20 Drivers/STM32H7xx_HAL_Driver/Src/stm32h7xx_hal.o
                0x0000000024000b30                HAL_SYSCFG_EnableBOOST
 .text.HAL_SYSCFG_DisableBOOST
                0x0000000024000b50       0x20 Drivers/STM32H7xx_HAL_Driver/Src/stm32h7xx_hal.o
                0x0000000024000b50                HAL_SYSCFG_DisableBOOST
 .text.HAL_SYSCFG_CM7BootAddConfig
                0x0000000024000b70       0x54 Drivers/STM32H7xx_HAL_Driver/Src/stm32h7xx_hal.o
                0x0000000024000b70                HAL_SYSCFG_CM7BootAddConfig
 .text.HAL_EnableCompensationCell
                0x0000000024000bc4       0x20 Drivers/STM32H7xx_HAL_Driver/Src/stm32h7xx_hal.o
                0x0000000024000bc4                HAL_EnableCompensationCell
 .text.HAL_DisableCompensationCell
                0x0000000024000be4       0x20 Drivers/STM32H7xx_HAL_Driver/Src/stm32h7xx_hal.o
                0x0000000024000be4                HAL_DisableCompensationCell
 .text.HAL_SYSCFG_EnableIOSpeedOptimize
                0x0000000024000c04       0x20 Drivers/STM32H7xx_HAL_Driver/Src/stm32h7xx_hal.o
                0x0000000024000c04                HAL_SYSCFG_EnableIOSpeedOptimize
 .text.HAL_SYSCFG_DisableIOSpeedOptimize
                0x0000000024000c24       0x20 Drivers/STM32H7xx_HAL_Driver/Src/stm32h7xx_hal.o
                0x0000000024000c24                HAL_SYSCFG_DisableIOSpeedOptimize
 .text.HAL_SYSCFG_CompensationCodeSelect
                0x0000000024000c44       0x28 Drivers/STM32H7xx_HAL_Driver/Src/stm32h7xx_hal.o
                0x0000000024000c44                HAL_SYSCFG_CompensationCodeSelect
 .text.HAL_SYSCFG_CompensationCodeConfig
                0x0000000024000c6c       0x30 Drivers/STM32H7xx_HAL_Driver/Src/stm32h7xx_hal.o
                0x0000000024000c6c                HAL_SYSCFG_CompensationCodeConfig
 .text.HAL_DBGMCU_EnableDBGSleepMode
                0x0000000024000c9c       0x20 Drivers/STM32H7xx_HAL_Driver/Src/stm32h7xx_hal.o
                0x0000000024000c9c                HAL_DBGMCU_EnableDBGSleepMode
 .text.HAL_DBGMCU_DisableDBGSleepMode
                0x0000000024000cbc       0x20 Drivers/STM32H7xx_HAL_Driver/Src/stm32h7xx_hal.o
                0x0000000024000cbc                HAL_DBGMCU_DisableDBGSleepMode
 .text.HAL_DBGMCU_EnableDBGStopMode
                0x0000000024000cdc       0x20 Drivers/STM32H7xx_HAL_Driver/Src/stm32h7xx_hal.o
                0x0000000024000cdc                HAL_DBGMCU_EnableDBGStopMode
 .text.HAL_DBGMCU_DisableDBGStopMode
                0x0000000024000cfc       0x20 Drivers/STM32H7xx_HAL_Driver/Src/stm32h7xx_hal.o
                0x0000000024000cfc                HAL_DBGMCU_DisableDBGStopMode
 .text.HAL_DBGMCU_EnableDBGStandbyMode
                0x0000000024000d1c       0x20 Drivers/STM32H7xx_HAL_Driver/Src/stm32h7xx_hal.o
                0x0000000024000d1c                HAL_DBGMCU_EnableDBGStandbyMode
 .text.HAL_DBGMCU_DisableDBGStandbyMode
                0x0000000024000d3c       0x20 Drivers/STM32H7xx_HAL_Driver/Src/stm32h7xx_hal.o
                0x0000000024000d3c                HAL_DBGMCU_DisableDBGStandbyMode
 .text.HAL_EnableDomain3DBGStopMode
                0x0000000024000d5c       0x20 Drivers/STM32H7xx_HAL_Driver/Src/stm32h7xx_hal.o
                0x0000000024000d5c                HAL_EnableDomain3DBGStopMode
 .text.HAL_DisableDomain3DBGStopMode
                0x0000000024000d7c       0x20 Drivers/STM32H7xx_HAL_Driver/Src/stm32h7xx_hal.o
                0x0000000024000d7c                HAL_DisableDomain3DBGStopMode
 .text.HAL_EnableDomain3DBGStandbyMode
                0x0000000024000d9c       0x20 Drivers/STM32H7xx_HAL_Driver/Src/stm32h7xx_hal.o
                0x0000000024000d9c                HAL_EnableDomain3DBGStandbyMode
 .text.HAL_DisableDomain3DBGStandbyMode
                0x0000000024000dbc       0x20 Drivers/STM32H7xx_HAL_Driver/Src/stm32h7xx_hal.o
                0x0000000024000dbc                HAL_DisableDomain3DBGStandbyMode
 .text.HAL_SetFMCMemorySwappingConfig
                0x0000000024000ddc       0x28 Drivers/STM32H7xx_HAL_Driver/Src/stm32h7xx_hal.o
                0x0000000024000ddc                HAL_SetFMCMemorySwappingConfig
 .text.HAL_GetFMCMemorySwappingConfig
                0x0000000024000e04       0x1c Drivers/STM32H7xx_HAL_Driver/Src/stm32h7xx_hal.o
                0x0000000024000e04                HAL_GetFMCMemorySwappingConfig
 .text.HAL_EXTI_EdgeConfig
                0x0000000024000e20       0xd0 Drivers/STM32H7xx_HAL_Driver/Src/stm32h7xx_hal.o
                0x0000000024000e20                HAL_EXTI_EdgeConfig
 .text.HAL_EXTI_GenerateSWInterrupt
                0x0000000024000ef0       0x40 Drivers/STM32H7xx_HAL_Driver/Src/stm32h7xx_hal.o
                0x0000000024000ef0                HAL_EXTI_GenerateSWInterrupt
 .text.HAL_EXTI_D1_ClearFlag
                0x0000000024000f30       0x30 Drivers/STM32H7xx_HAL_Driver/Src/stm32h7xx_hal.o
                0x0000000024000f30                HAL_EXTI_D1_ClearFlag
 .text.HAL_EXTI_D1_EventInputConfig
                0x0000000024000f60       0xec Drivers/STM32H7xx_HAL_Driver/Src/stm32h7xx_hal.o
                0x0000000024000f60                HAL_EXTI_D1_EventInputConfig
 .text.HAL_EXTI_D3_EventInputConfig
                0x000000002400104c       0xd0 Drivers/STM32H7xx_HAL_Driver/Src/stm32h7xx_hal.o
                0x000000002400104c                HAL_EXTI_D3_EventInputConfig
 .text.__NVIC_SetPriorityGrouping
                0x000000002400111c       0x48 Drivers/STM32H7xx_HAL_Driver/Src/stm32h7xx_hal_cortex.o
 .text.__NVIC_GetPriorityGrouping
                0x0000000024001164       0x1c Drivers/STM32H7xx_HAL_Driver/Src/stm32h7xx_hal_cortex.o
 .text.__NVIC_EnableIRQ
                0x0000000024001180       0x3c Drivers/STM32H7xx_HAL_Driver/Src/stm32h7xx_hal_cortex.o
 .text.__NVIC_DisableIRQ
                0x00000000240011bc       0x44 Drivers/STM32H7xx_HAL_Driver/Src/stm32h7xx_hal_cortex.o
 .text.__NVIC_GetPendingIRQ
                0x0000000024001200       0x44 Drivers/STM32H7xx_HAL_Driver/Src/stm32h7xx_hal_cortex.o
 .text.__NVIC_SetPendingIRQ
                0x0000000024001244       0x3c Drivers/STM32H7xx_HAL_Driver/Src/stm32h7xx_hal_cortex.o
 .text.__NVIC_ClearPendingIRQ
                0x0000000024001280       0x3c Drivers/STM32H7xx_HAL_Driver/Src/stm32h7xx_hal_cortex.o
 .text.__NVIC_GetActive
                0x00000000240012bc       0x44 Drivers/STM32H7xx_HAL_Driver/Src/stm32h7xx_hal_cortex.o
 .text.__NVIC_SetPriority
                0x0000000024001300       0x54 Drivers/STM32H7xx_HAL_Driver/Src/stm32h7xx_hal_cortex.o
 .text.__NVIC_GetPriority
                0x0000000024001354       0x50 Drivers/STM32H7xx_HAL_Driver/Src/stm32h7xx_hal_cortex.o
 .text.NVIC_EncodePriority
                0x00000000240013a4       0x66 Drivers/STM32H7xx_HAL_Driver/Src/stm32h7xx_hal_cortex.o
 .text.NVIC_DecodePriority
                0x000000002400140a       0x6e Drivers/STM32H7xx_HAL_Driver/Src/stm32h7xx_hal_cortex.o
 .text.__NVIC_SystemReset
                0x0000000024001478       0x28 Drivers/STM32H7xx_HAL_Driver/Src/stm32h7xx_hal_cortex.o
 .text.SysTick_Config
                0x00000000240014a0       0x44 Drivers/STM32H7xx_HAL_Driver/Src/stm32h7xx_hal_cortex.o
 .text.HAL_NVIC_SetPriorityGrouping
                0x00000000240014e4       0x16 Drivers/STM32H7xx_HAL_Driver/Src/stm32h7xx_hal_cortex.o
                0x00000000240014e4                HAL_NVIC_SetPriorityGrouping
 .text.HAL_NVIC_SetPriority
                0x00000000240014fa       0x34 Drivers/STM32H7xx_HAL_Driver/Src/stm32h7xx_hal_cortex.o
                0x00000000240014fa                HAL_NVIC_SetPriority
 .text.HAL_NVIC_EnableIRQ
                0x000000002400152e       0x1c Drivers/STM32H7xx_HAL_Driver/Src/stm32h7xx_hal_cortex.o
                0x000000002400152e                HAL_NVIC_EnableIRQ
 .text.HAL_NVIC_DisableIRQ
                0x000000002400154a       0x1c Drivers/STM32H7xx_HAL_Driver/Src/stm32h7xx_hal_cortex.o
                0x000000002400154a                HAL_NVIC_DisableIRQ
 .text.HAL_NVIC_SystemReset
                0x0000000024001566        0x8 Drivers/STM32H7xx_HAL_Driver/Src/stm32h7xx_hal_cortex.o
                0x0000000024001566                HAL_NVIC_SystemReset
 .text.HAL_SYSTICK_Config
                0x000000002400156e       0x18 Drivers/STM32H7xx_HAL_Driver/Src/stm32h7xx_hal_cortex.o
                0x000000002400156e                HAL_SYSTICK_Config
 *fill*         0x0000000024001586        0x2 
 .text.HAL_MPU_Disable
                0x0000000024001588       0x2c Drivers/STM32H7xx_HAL_Driver/Src/stm32h7xx_hal_cortex.o
                0x0000000024001588                HAL_MPU_Disable
 .text.HAL_MPU_Enable
                0x00000000240015b4       0x3c Drivers/STM32H7xx_HAL_Driver/Src/stm32h7xx_hal_cortex.o
                0x00000000240015b4                HAL_MPU_Enable
 .text.HAL_MPU_ConfigRegion
                0x00000000240015f0       0x88 Drivers/STM32H7xx_HAL_Driver/Src/stm32h7xx_hal_cortex.o
                0x00000000240015f0                HAL_MPU_ConfigRegion
 .text.HAL_NVIC_GetPriorityGrouping
                0x0000000024001678        0xe Drivers/STM32H7xx_HAL_Driver/Src/stm32h7xx_hal_cortex.o
                0x0000000024001678                HAL_NVIC_GetPriorityGrouping
 .text.HAL_NVIC_GetPriority
                0x0000000024001686       0x2c Drivers/STM32H7xx_HAL_Driver/Src/stm32h7xx_hal_cortex.o
                0x0000000024001686                HAL_NVIC_GetPriority
 .text.HAL_NVIC_SetPendingIRQ
                0x00000000240016b2       0x1c Drivers/STM32H7xx_HAL_Driver/Src/stm32h7xx_hal_cortex.o
                0x00000000240016b2                HAL_NVIC_SetPendingIRQ
 .text.HAL_NVIC_GetPendingIRQ
                0x00000000240016ce       0x1e Drivers/STM32H7xx_HAL_Driver/Src/stm32h7xx_hal_cortex.o
                0x00000000240016ce                HAL_NVIC_GetPendingIRQ
 .text.HAL_NVIC_ClearPendingIRQ
                0x00000000240016ec       0x1c Drivers/STM32H7xx_HAL_Driver/Src/stm32h7xx_hal_cortex.o
                0x00000000240016ec                HAL_NVIC_ClearPendingIRQ
 .text.HAL_NVIC_GetActive
                0x0000000024001708       0x1e Drivers/STM32H7xx_HAL_Driver/Src/stm32h7xx_hal_cortex.o
                0x0000000024001708                HAL_NVIC_GetActive
 *fill*         0x0000000024001726        0x2 
 .text.HAL_SYSTICK_CLKSourceConfig
                0x0000000024001728       0x38 Drivers/STM32H7xx_HAL_Driver/Src/stm32h7xx_hal_cortex.o
                0x0000000024001728                HAL_SYSTICK_CLKSourceConfig
 .text.HAL_SYSTICK_IRQHandler
                0x0000000024001760        0xc Drivers/STM32H7xx_HAL_Driver/Src/stm32h7xx_hal_cortex.o
                0x0000000024001760                HAL_SYSTICK_IRQHandler
 .text.HAL_SYSTICK_Callback
                0x000000002400176c        0xe Drivers/STM32H7xx_HAL_Driver/Src/stm32h7xx_hal_cortex.o
                0x000000002400176c                HAL_SYSTICK_Callback
 .text.HAL_GetCurrentCPUID
                0x000000002400177a       0x10 Drivers/STM32H7xx_HAL_Driver/Src/stm32h7xx_hal_cortex.o
                0x000000002400177a                HAL_GetCurrentCPUID
 *fill*         0x000000002400178a        0x2 
 .text.HAL_DMA_Init
                0x000000002400178c      0x6b8 Drivers/STM32H7xx_HAL_Driver/Src/stm32h7xx_hal_dma.o
                0x000000002400178c                HAL_DMA_Init
 .text.HAL_DMA_DeInit
                0x0000000024001e44      0x4c8 Drivers/STM32H7xx_HAL_Driver/Src/stm32h7xx_hal_dma.o
                0x0000000024001e44                HAL_DMA_DeInit
 .text.HAL_DMA_Start
                0x000000002400230c      0x240 Drivers/STM32H7xx_HAL_Driver/Src/stm32h7xx_hal_dma.o
                0x000000002400230c                HAL_DMA_Start
 .text.HAL_DMA_Start_IT
                0x000000002400254c      0x4d4 Drivers/STM32H7xx_HAL_Driver/Src/stm32h7xx_hal_dma.o
                0x000000002400254c                HAL_DMA_Start_IT
 .text.HAL_DMA_Abort
                0x0000000024002a20      0x63c Drivers/STM32H7xx_HAL_Driver/Src/stm32h7xx_hal_dma.o
                0x0000000024002a20                HAL_DMA_Abort
 .text.HAL_DMA_Abort_IT
                0x000000002400305c      0x488 Drivers/STM32H7xx_HAL_Driver/Src/stm32h7xx_hal_dma.o
                0x000000002400305c                HAL_DMA_Abort_IT
 .text.HAL_DMA_PollForTransfer
                0x00000000240034e4      0x754 Drivers/STM32H7xx_HAL_Driver/Src/stm32h7xx_hal_dma.o
                0x00000000240034e4                HAL_DMA_PollForTransfer
 .text.HAL_DMA_IRQHandler
                0x0000000024003c38      0xe54 Drivers/STM32H7xx_HAL_Driver/Src/stm32h7xx_hal_dma.o
                0x0000000024003c38                HAL_DMA_IRQHandler
 .text.HAL_DMA_RegisterCallback
                0x0000000024004a8c       0xb4 Drivers/STM32H7xx_HAL_Driver/Src/stm32h7xx_hal_dma.o
                0x0000000024004a8c                HAL_DMA_RegisterCallback
 .text.HAL_DMA_UnRegisterCallback
                0x0000000024004b40       0xdc Drivers/STM32H7xx_HAL_Driver/Src/stm32h7xx_hal_dma.o
                0x0000000024004b40                HAL_DMA_UnRegisterCallback
 .text.HAL_DMA_GetState
                0x0000000024004c1c       0x1c Drivers/STM32H7xx_HAL_Driver/Src/stm32h7xx_hal_dma.o
                0x0000000024004c1c                HAL_DMA_GetState
 .text.HAL_DMA_GetError
                0x0000000024004c38       0x18 Drivers/STM32H7xx_HAL_Driver/Src/stm32h7xx_hal_dma.o
                0x0000000024004c38                HAL_DMA_GetError
 .text.DMA_SetConfig
                0x0000000024004c50      0x358 Drivers/STM32H7xx_HAL_Driver/Src/stm32h7xx_hal_dma.o
 .text.DMA_CalcBaseAndBitshift
                0x0000000024004fa8      0x164 Drivers/STM32H7xx_HAL_Driver/Src/stm32h7xx_hal_dma.o
 .text.DMA_CheckFifoParam
                0x000000002400510c       0xf8 Drivers/STM32H7xx_HAL_Driver/Src/stm32h7xx_hal_dma.o
 .text.DMA_CalcDMAMUXChannelBaseAndMask
                0x0000000024005204      0x134 Drivers/STM32H7xx_HAL_Driver/Src/stm32h7xx_hal_dma.o
 .text.DMA_CalcDMAMUXRequestGenBaseAndMask
                0x0000000024005338       0xe8 Drivers/STM32H7xx_HAL_Driver/Src/stm32h7xx_hal_dma.o
 .text.HAL_DMAEx_MultiBufferStart
                0x0000000024005420      0x404 Drivers/STM32H7xx_HAL_Driver/Src/stm32h7xx_hal_dma_ex.o
                0x0000000024005420                HAL_DMAEx_MultiBufferStart
 .text.HAL_DMAEx_MultiBufferStart_IT
                0x0000000024005824      0x6bc Drivers/STM32H7xx_HAL_Driver/Src/stm32h7xx_hal_dma_ex.o
                0x0000000024005824                HAL_DMAEx_MultiBufferStart_IT
 .text.HAL_DMAEx_ChangeMemory
                0x0000000024005ee0      0x138 Drivers/STM32H7xx_HAL_Driver/Src/stm32h7xx_hal_dma_ex.o
                0x0000000024005ee0                HAL_DMAEx_ChangeMemory
 .text.HAL_DMAEx_ConfigMuxSync
                0x0000000024006018      0x18c Drivers/STM32H7xx_HAL_Driver/Src/stm32h7xx_hal_dma_ex.o
                0x0000000024006018                HAL_DMAEx_ConfigMuxSync
 .text.HAL_DMAEx_ConfigMuxRequestGenerator
                0x00000000240061a4      0x174 Drivers/STM32H7xx_HAL_Driver/Src/stm32h7xx_hal_dma_ex.o
                0x00000000240061a4                HAL_DMAEx_ConfigMuxRequestGenerator
 .text.HAL_DMAEx_EnableMuxRequestGenerator
                0x0000000024006318       0x3e Drivers/STM32H7xx_HAL_Driver/Src/stm32h7xx_hal_dma_ex.o
                0x0000000024006318                HAL_DMAEx_EnableMuxRequestGenerator
 .text.HAL_DMAEx_DisableMuxRequestGenerator
                0x0000000024006356       0x3e Drivers/STM32H7xx_HAL_Driver/Src/stm32h7xx_hal_dma_ex.o
                0x0000000024006356                HAL_DMAEx_DisableMuxRequestGenerator
 .text.HAL_DMAEx_MUX_IRQHandler
                0x0000000024006394       0xa4 Drivers/STM32H7xx_HAL_Driver/Src/stm32h7xx_hal_dma_ex.o
                0x0000000024006394                HAL_DMAEx_MUX_IRQHandler
 .text.DMA_MultiBufferSetConfig
                0x0000000024006438      0x16c Drivers/STM32H7xx_HAL_Driver/Src/stm32h7xx_hal_dma_ex.o
 .text.HAL_EXTI_SetConfigLine
                0x00000000240065a4      0x25c Drivers/STM32H7xx_HAL_Driver/Src/stm32h7xx_hal_exti.o
                0x00000000240065a4                HAL_EXTI_SetConfigLine
 .text.HAL_EXTI_GetConfigLine
                0x0000000024006800      0x1ec Drivers/STM32H7xx_HAL_Driver/Src/stm32h7xx_hal_exti.o
                0x0000000024006800                HAL_EXTI_GetConfigLine
 .text.HAL_EXTI_ClearConfigLine
                0x00000000240069ec      0x194 Drivers/STM32H7xx_HAL_Driver/Src/stm32h7xx_hal_exti.o
                0x00000000240069ec                HAL_EXTI_ClearConfigLine
 .text.HAL_EXTI_RegisterCallback
                0x0000000024006b80       0x3e Drivers/STM32H7xx_HAL_Driver/Src/stm32h7xx_hal_exti.o
                0x0000000024006b80                HAL_EXTI_RegisterCallback
 .text.HAL_EXTI_GetHandle
                0x0000000024006bbe       0x28 Drivers/STM32H7xx_HAL_Driver/Src/stm32h7xx_hal_exti.o
                0x0000000024006bbe                HAL_EXTI_GetHandle
 *fill*         0x0000000024006be6        0x2 
 .text.HAL_EXTI_IRQHandler
                0x0000000024006be8       0x60 Drivers/STM32H7xx_HAL_Driver/Src/stm32h7xx_hal_exti.o
                0x0000000024006be8                HAL_EXTI_IRQHandler
 .text.HAL_EXTI_GetPending
                0x0000000024006c48       0x58 Drivers/STM32H7xx_HAL_Driver/Src/stm32h7xx_hal_exti.o
                0x0000000024006c48                HAL_EXTI_GetPending
 .text.HAL_EXTI_ClearPending
                0x0000000024006ca0       0x48 Drivers/STM32H7xx_HAL_Driver/Src/stm32h7xx_hal_exti.o
                0x0000000024006ca0                HAL_EXTI_ClearPending
 .text.HAL_EXTI_GenerateSWI
                0x0000000024006ce8       0x44 Drivers/STM32H7xx_HAL_Driver/Src/stm32h7xx_hal_exti.o
                0x0000000024006ce8                HAL_EXTI_GenerateSWI
 .text.HAL_FLASH_Program
                0x0000000024006d2c      0x104 Drivers/STM32H7xx_HAL_Driver/Src/stm32h7xx_hal_flash.o
                0x0000000024006d2c                HAL_FLASH_Program
 .text.HAL_FLASH_Program_IT
                0x0000000024006e30       0xfc Drivers/STM32H7xx_HAL_Driver/Src/stm32h7xx_hal_flash.o
                0x0000000024006e30                HAL_FLASH_Program_IT
 .text.HAL_FLASH_IRQHandler
                0x0000000024006f2c      0x2b4 Drivers/STM32H7xx_HAL_Driver/Src/stm32h7xx_hal_flash.o
                0x0000000024006f2c                HAL_FLASH_IRQHandler
 .text.HAL_FLASH_EndOfOperationCallback
                0x00000000240071e0       0x14 Drivers/STM32H7xx_HAL_Driver/Src/stm32h7xx_hal_flash.o
                0x00000000240071e0                HAL_FLASH_EndOfOperationCallback
 .text.HAL_FLASH_OperationErrorCallback
                0x00000000240071f4       0x14 Drivers/STM32H7xx_HAL_Driver/Src/stm32h7xx_hal_flash.o
                0x00000000240071f4                HAL_FLASH_OperationErrorCallback
 .text.HAL_FLASH_Unlock
                0x0000000024007208       0x74 Drivers/STM32H7xx_HAL_Driver/Src/stm32h7xx_hal_flash.o
                0x0000000024007208                HAL_FLASH_Unlock
 .text.HAL_FLASH_Lock
                0x000000002400727c       0x54 Drivers/STM32H7xx_HAL_Driver/Src/stm32h7xx_hal_flash.o
                0x000000002400727c                HAL_FLASH_Lock
 .text.HAL_FLASH_OB_Unlock
                0x00000000240072d0       0x44 Drivers/STM32H7xx_HAL_Driver/Src/stm32h7xx_hal_flash.o
                0x00000000240072d0                HAL_FLASH_OB_Unlock
 .text.HAL_FLASH_OB_Lock
                0x0000000024007314       0x30 Drivers/STM32H7xx_HAL_Driver/Src/stm32h7xx_hal_flash.o
                0x0000000024007314                HAL_FLASH_OB_Lock
 .text.HAL_FLASH_OB_Launch
                0x0000000024007344       0x64 Drivers/STM32H7xx_HAL_Driver/Src/stm32h7xx_hal_flash.o
                0x0000000024007344                HAL_FLASH_OB_Launch
 .text.HAL_FLASH_GetError
                0x00000000240073a8       0x18 Drivers/STM32H7xx_HAL_Driver/Src/stm32h7xx_hal_flash.o
                0x00000000240073a8                HAL_FLASH_GetError
 .text.FLASH_WaitForLastOperation
                0x00000000240073c0      0x138 Drivers/STM32H7xx_HAL_Driver/Src/stm32h7xx_hal_flash.o
                0x00000000240073c0                FLASH_WaitForLastOperation
 .text.FLASH_OB_WaitForLastOperation
                0x00000000240074f8       0x78 Drivers/STM32H7xx_HAL_Driver/Src/stm32h7xx_hal_flash.o
                0x00000000240074f8                FLASH_OB_WaitForLastOperation
 .text.FLASH_CRC_WaitForLastOperation
                0x0000000024007570       0xf4 Drivers/STM32H7xx_HAL_Driver/Src/stm32h7xx_hal_flash.o
                0x0000000024007570                FLASH_CRC_WaitForLastOperation
 .text.HAL_FLASHEx_Erase
                0x0000000024007664      0x194 Drivers/STM32H7xx_HAL_Driver/Src/stm32h7xx_hal_flash_ex.o
                0x0000000024007664                HAL_FLASHEx_Erase
 .text.HAL_FLASHEx_Erase_IT
                0x00000000240077f8      0x138 Drivers/STM32H7xx_HAL_Driver/Src/stm32h7xx_hal_flash_ex.o
                0x00000000240077f8                HAL_FLASHEx_Erase_IT
 .text.HAL_FLASHEx_OBProgram
                0x0000000024007930      0x148 Drivers/STM32H7xx_HAL_Driver/Src/stm32h7xx_hal_flash_ex.o
                0x0000000024007930                HAL_FLASHEx_OBProgram
 .text.HAL_FLASHEx_OBGetConfig
                0x0000000024007a78       0xb6 Drivers/STM32H7xx_HAL_Driver/Src/stm32h7xx_hal_flash_ex.o
                0x0000000024007a78                HAL_FLASHEx_OBGetConfig
 *fill*         0x0000000024007b2e        0x2 
 .text.HAL_FLASHEx_Unlock_Bank1
                0x0000000024007b30       0x44 Drivers/STM32H7xx_HAL_Driver/Src/stm32h7xx_hal_flash_ex.o
                0x0000000024007b30                HAL_FLASHEx_Unlock_Bank1
 .text.HAL_FLASHEx_Lock_Bank1
                0x0000000024007b74       0x20 Drivers/STM32H7xx_HAL_Driver/Src/stm32h7xx_hal_flash_ex.o
                0x0000000024007b74                HAL_FLASHEx_Lock_Bank1
 .text.HAL_FLASHEx_Unlock_Bank2
                0x0000000024007b94       0x4c Drivers/STM32H7xx_HAL_Driver/Src/stm32h7xx_hal_flash_ex.o
                0x0000000024007b94                HAL_FLASHEx_Unlock_Bank2
 .text.HAL_FLASHEx_Lock_Bank2
                0x0000000024007be0       0x24 Drivers/STM32H7xx_HAL_Driver/Src/stm32h7xx_hal_flash_ex.o
                0x0000000024007be0                HAL_FLASHEx_Lock_Bank2
 .text.HAL_FLASHEx_ComputeCRC
                0x0000000024007c04      0x1f0 Drivers/STM32H7xx_HAL_Driver/Src/stm32h7xx_hal_flash_ex.o
                0x0000000024007c04                HAL_FLASHEx_ComputeCRC
 .text.FLASH_MassErase
                0x0000000024007df4       0xd4 Drivers/STM32H7xx_HAL_Driver/Src/stm32h7xx_hal_flash_ex.o
 .text.FLASH_Erase_Sector
                0x0000000024007ec8       0x7c Drivers/STM32H7xx_HAL_Driver/Src/stm32h7xx_hal_flash_ex.o
                0x0000000024007ec8                FLASH_Erase_Sector
 .text.FLASH_OB_EnableWRP
                0x0000000024007f44       0x54 Drivers/STM32H7xx_HAL_Driver/Src/stm32h7xx_hal_flash_ex.o
 .text.FLASH_OB_DisableWRP
                0x0000000024007f98       0x50 Drivers/STM32H7xx_HAL_Driver/Src/stm32h7xx_hal_flash_ex.o
 .text.FLASH_OB_GetWRP
                0x0000000024007fe8       0x64 Drivers/STM32H7xx_HAL_Driver/Src/stm32h7xx_hal_flash_ex.o
 .text.FLASH_OB_RDPConfig
                0x000000002400804c       0x28 Drivers/STM32H7xx_HAL_Driver/Src/stm32h7xx_hal_flash_ex.o
 .text.FLASH_OB_GetRDP
                0x0000000024008074       0x38 Drivers/STM32H7xx_HAL_Driver/Src/stm32h7xx_hal_flash_ex.o
 .text.FLASH_OB_UserConfig
                0x00000000240080ac      0x144 Drivers/STM32H7xx_HAL_Driver/Src/stm32h7xx_hal_flash_ex.o
 .text.FLASH_OB_GetUser
                0x00000000240081f0       0x2c Drivers/STM32H7xx_HAL_Driver/Src/stm32h7xx_hal_flash_ex.o
 .text.FLASH_OB_PCROPConfig
                0x000000002400821c       0x6c Drivers/STM32H7xx_HAL_Driver/Src/stm32h7xx_hal_flash_ex.o
 .text.FLASH_OB_GetPCROP
                0x0000000024008288       0x8c Drivers/STM32H7xx_HAL_Driver/Src/stm32h7xx_hal_flash_ex.o
 .text.FLASH_OB_BOR_LevelConfig
                0x0000000024008314       0x28 Drivers/STM32H7xx_HAL_Driver/Src/stm32h7xx_hal_flash_ex.o
 .text.FLASH_OB_GetBOR
                0x000000002400833c       0x1c Drivers/STM32H7xx_HAL_Driver/Src/stm32h7xx_hal_flash_ex.o
 .text.FLASH_OB_BootAddConfig
                0x0000000024008358       0x54 Drivers/STM32H7xx_HAL_Driver/Src/stm32h7xx_hal_flash_ex.o
 .text.FLASH_OB_GetBootAdd
                0x00000000240083ac       0x38 Drivers/STM32H7xx_HAL_Driver/Src/stm32h7xx_hal_flash_ex.o
 .text.FLASH_OB_SecureAreaConfig
                0x00000000240083e4       0x74 Drivers/STM32H7xx_HAL_Driver/Src/stm32h7xx_hal_flash_ex.o
 .text.FLASH_OB_GetSecureArea
                0x0000000024008458       0x8c Drivers/STM32H7xx_HAL_Driver/Src/stm32h7xx_hal_flash_ex.o
 .text.FLASH_CRC_AddSector
                0x00000000240084e4       0x64 Drivers/STM32H7xx_HAL_Driver/Src/stm32h7xx_hal_flash_ex.o
 .text.FLASH_CRC_SelectAddress
                0x0000000024008548       0x40 Drivers/STM32H7xx_HAL_Driver/Src/stm32h7xx_hal_flash_ex.o
 .text.HAL_GPIO_Init
                0x0000000024008588      0x360 Drivers/STM32H7xx_HAL_Driver/Src/stm32h7xx_hal_gpio.o
                0x0000000024008588                HAL_GPIO_Init
 .text.HAL_GPIO_DeInit
                0x00000000240088e8      0x214 Drivers/STM32H7xx_HAL_Driver/Src/stm32h7xx_hal_gpio.o
                0x00000000240088e8                HAL_GPIO_DeInit
 .text.HAL_GPIO_ReadPin
                0x0000000024008afc       0x30 Drivers/STM32H7xx_HAL_Driver/Src/stm32h7xx_hal_gpio.o
                0x0000000024008afc                HAL_GPIO_ReadPin
 .text.HAL_GPIO_WritePin
                0x0000000024008b2c       0x32 Drivers/STM32H7xx_HAL_Driver/Src/stm32h7xx_hal_gpio.o
                0x0000000024008b2c                HAL_GPIO_WritePin
 .text.HAL_GPIO_TogglePin
                0x0000000024008b5e       0x36 Drivers/STM32H7xx_HAL_Driver/Src/stm32h7xx_hal_gpio.o
                0x0000000024008b5e                HAL_GPIO_TogglePin
 .text.HAL_GPIO_LockPin
                0x0000000024008b94       0x50 Drivers/STM32H7xx_HAL_Driver/Src/stm32h7xx_hal_gpio.o
                0x0000000024008b94                HAL_GPIO_LockPin
 .text.HAL_GPIO_EXTI_IRQHandler
                0x0000000024008be4       0x34 Drivers/STM32H7xx_HAL_Driver/Src/stm32h7xx_hal_gpio.o
                0x0000000024008be4                HAL_GPIO_EXTI_IRQHandler
 .text.HAL_GPIO_EXTI_Callback
                0x0000000024008c18       0x16 Drivers/STM32H7xx_HAL_Driver/Src/stm32h7xx_hal_gpio.o
                0x0000000024008c18                HAL_GPIO_EXTI_Callback
 *fill*         0x0000000024008c2e        0x2 
 .text.HAL_HSEM_Take
                0x0000000024008c30       0x44 Drivers/STM32H7xx_HAL_Driver/Src/stm32h7xx_hal_hsem.o
                0x0000000024008c30                HAL_HSEM_Take
 .text.HAL_HSEM_FastTake
                0x0000000024008c74       0x34 Drivers/STM32H7xx_HAL_Driver/Src/stm32h7xx_hal_hsem.o
                0x0000000024008c74                HAL_HSEM_FastTake
 .text.HAL_HSEM_IsSemTaken
                0x0000000024008ca8       0x2c Drivers/STM32H7xx_HAL_Driver/Src/stm32h7xx_hal_hsem.o
                0x0000000024008ca8                HAL_HSEM_IsSemTaken
 .text.HAL_HSEM_Release
                0x0000000024008cd4       0x28 Drivers/STM32H7xx_HAL_Driver/Src/stm32h7xx_hal_hsem.o
                0x0000000024008cd4                HAL_HSEM_Release
 .text.HAL_HSEM_ReleaseAll
                0x0000000024008cfc       0x2c Drivers/STM32H7xx_HAL_Driver/Src/stm32h7xx_hal_hsem.o
                0x0000000024008cfc                HAL_HSEM_ReleaseAll
 .text.HAL_HSEM_SetClearKey
                0x0000000024008d28       0x2c Drivers/STM32H7xx_HAL_Driver/Src/stm32h7xx_hal_hsem.o
                0x0000000024008d28                HAL_HSEM_SetClearKey
 .text.HAL_HSEM_GetClearKey
                0x0000000024008d54       0x1c Drivers/STM32H7xx_HAL_Driver/Src/stm32h7xx_hal_hsem.o
                0x0000000024008d54                HAL_HSEM_GetClearKey
 .text.HAL_HSEM_ActivateNotification
                0x0000000024008d70       0x24 Drivers/STM32H7xx_HAL_Driver/Src/stm32h7xx_hal_hsem.o
                0x0000000024008d70                HAL_HSEM_ActivateNotification
 .text.HAL_HSEM_DeactivateNotification
                0x0000000024008d94       0x28 Drivers/STM32H7xx_HAL_Driver/Src/stm32h7xx_hal_hsem.o
                0x0000000024008d94                HAL_HSEM_DeactivateNotification
 .text.HAL_HSEM_IRQHandler
                0x0000000024008dbc       0x34 Drivers/STM32H7xx_HAL_Driver/Src/stm32h7xx_hal_hsem.o
                0x0000000024008dbc                HAL_HSEM_IRQHandler
 .text.HAL_HSEM_FreeCallback
                0x0000000024008df0       0x14 Drivers/STM32H7xx_HAL_Driver/Src/stm32h7xx_hal_hsem.o
                0x0000000024008df0                HAL_HSEM_FreeCallback
 .text.HAL_I2C_Init
                0x0000000024008e04      0x120 Drivers/STM32H7xx_HAL_Driver/Src/stm32h7xx_hal_i2c.o
                0x0000000024008e04                HAL_I2C_Init
 .text.HAL_I2C_DeInit
                0x0000000024008f24       0x5e Drivers/STM32H7xx_HAL_Driver/Src/stm32h7xx_hal_i2c.o
                0x0000000024008f24                HAL_I2C_DeInit
 .text.HAL_I2C_MspInit
                0x0000000024008f82       0x14 Drivers/STM32H7xx_HAL_Driver/Src/stm32h7xx_hal_i2c.o
                0x0000000024008f82                HAL_I2C_MspInit
 .text.HAL_I2C_MspDeInit
                0x0000000024008f96       0x14 Drivers/STM32H7xx_HAL_Driver/Src/stm32h7xx_hal_i2c.o
                0x0000000024008f96                HAL_I2C_MspDeInit
 *fill*         0x0000000024008faa        0x2 
 .text.HAL_I2C_Master_Transmit
                0x0000000024008fac      0x1e8 Drivers/STM32H7xx_HAL_Driver/Src/stm32h7xx_hal_i2c.o
                0x0000000024008fac                HAL_I2C_Master_Transmit
 .text.HAL_I2C_Master_Receive
                0x0000000024009194      0x1ec Drivers/STM32H7xx_HAL_Driver/Src/stm32h7xx_hal_i2c.o
                0x0000000024009194                HAL_I2C_Master_Receive
 .text.HAL_I2C_Slave_Transmit
                0x0000000024009380      0x212 Drivers/STM32H7xx_HAL_Driver/Src/stm32h7xx_hal_i2c.o
                0x0000000024009380                HAL_I2C_Slave_Transmit
 .text.HAL_I2C_Slave_Receive
                0x0000000024009592      0x1fe Drivers/STM32H7xx_HAL_Driver/Src/stm32h7xx_hal_i2c.o
                0x0000000024009592                HAL_I2C_Slave_Receive
 .text.HAL_I2C_Master_Transmit_IT
                0x0000000024009790       0xe0 Drivers/STM32H7xx_HAL_Driver/Src/stm32h7xx_hal_i2c.o
                0x0000000024009790                HAL_I2C_Master_Transmit_IT
 .text.HAL_I2C_Master_Receive_IT
                0x0000000024009870       0xe0 Drivers/STM32H7xx_HAL_Driver/Src/stm32h7xx_hal_i2c.o
                0x0000000024009870                HAL_I2C_Master_Receive_IT
 .text.HAL_I2C_Slave_Transmit_IT
                0x0000000024009950       0xa0 Drivers/STM32H7xx_HAL_Driver/Src/stm32h7xx_hal_i2c.o
                0x0000000024009950                HAL_I2C_Slave_Transmit_IT
 .text.HAL_I2C_Slave_Receive_IT
                0x00000000240099f0       0xa0 Drivers/STM32H7xx_HAL_Driver/Src/stm32h7xx_hal_i2c.o
                0x00000000240099f0                HAL_I2C_Slave_Receive_IT
 .text.HAL_I2C_Master_Transmit_DMA
                0x0000000024009a90      0x1e0 Drivers/STM32H7xx_HAL_Driver/Src/stm32h7xx_hal_i2c.o
                0x0000000024009a90                HAL_I2C_Master_Transmit_DMA
 .text.HAL_I2C_Master_Receive_DMA
                0x0000000024009c70      0x1e0 Drivers/STM32H7xx_HAL_Driver/Src/stm32h7xx_hal_i2c.o
                0x0000000024009c70                HAL_I2C_Master_Receive_DMA
 .text.HAL_I2C_Slave_Transmit_DMA
                0x0000000024009e50      0x16c Drivers/STM32H7xx_HAL_Driver/Src/stm32h7xx_hal_i2c.o
                0x0000000024009e50                HAL_I2C_Slave_Transmit_DMA
 .text.HAL_I2C_Slave_Receive_DMA
                0x0000000024009fbc      0x16c Drivers/STM32H7xx_HAL_Driver/Src/stm32h7xx_hal_i2c.o
                0x0000000024009fbc                HAL_I2C_Slave_Receive_DMA
 .text.HAL_I2C_Mem_Write
                0x000000002400a128      0x228 Drivers/STM32H7xx_HAL_Driver/Src/stm32h7xx_hal_i2c.o
                0x000000002400a128                HAL_I2C_Mem_Write
 .text.HAL_I2C_Mem_Read
                0x000000002400a350      0x234 Drivers/STM32H7xx_HAL_Driver/Src/stm32h7xx_hal_i2c.o
                0x000000002400a350                HAL_I2C_Mem_Read
 .text.HAL_I2C_Mem_Write_IT
                0x000000002400a584      0x128 Drivers/STM32H7xx_HAL_Driver/Src/stm32h7xx_hal_i2c.o
                0x000000002400a584                HAL_I2C_Mem_Write_IT
 .text.HAL_I2C_Mem_Read_IT
                0x000000002400a6ac      0x12c Drivers/STM32H7xx_HAL_Driver/Src/stm32h7xx_hal_i2c.o
                0x000000002400a6ac                HAL_I2C_Mem_Read_IT
 .text.HAL_I2C_Mem_Write_DMA
                0x000000002400a7d8      0x1ec Drivers/STM32H7xx_HAL_Driver/Src/stm32h7xx_hal_i2c.o
                0x000000002400a7d8                HAL_I2C_Mem_Write_DMA
 .text.HAL_I2C_Mem_Read_DMA
                0x000000002400a9c4      0x1f0 Drivers/STM32H7xx_HAL_Driver/Src/stm32h7xx_hal_i2c.o
                0x000000002400a9c4                HAL_I2C_Mem_Read_DMA
 .text.HAL_I2C_IsDeviceReady
                0x000000002400abb4      0x210 Drivers/STM32H7xx_HAL_Driver/Src/stm32h7xx_hal_i2c.o
                0x000000002400abb4                HAL_I2C_IsDeviceReady
 .text.HAL_I2C_Master_Seq_Transmit_IT
                0x000000002400adc4      0x108 Drivers/STM32H7xx_HAL_Driver/Src/stm32h7xx_hal_i2c.o
                0x000000002400adc4                HAL_I2C_Master_Seq_Transmit_IT
 .text.HAL_I2C_Master_Seq_Transmit_DMA
                0x000000002400aecc      0x208 Drivers/STM32H7xx_HAL_Driver/Src/stm32h7xx_hal_i2c.o
                0x000000002400aecc                HAL_I2C_Master_Seq_Transmit_DMA
 .text.HAL_I2C_Master_Seq_Receive_IT
                0x000000002400b0d4      0x108 Drivers/STM32H7xx_HAL_Driver/Src/stm32h7xx_hal_i2c.o
                0x000000002400b0d4                HAL_I2C_Master_Seq_Receive_IT
 .text.HAL_I2C_Master_Seq_Receive_DMA
                0x000000002400b1dc      0x208 Drivers/STM32H7xx_HAL_Driver/Src/stm32h7xx_hal_i2c.o
                0x000000002400b1dc                HAL_I2C_Master_Seq_Receive_DMA
 .text.HAL_I2C_Slave_Seq_Transmit_IT
                0x000000002400b3e4      0x148 Drivers/STM32H7xx_HAL_Driver/Src/stm32h7xx_hal_i2c.o
                0x000000002400b3e4                HAL_I2C_Slave_Seq_Transmit_IT
 .text.HAL_I2C_Slave_Seq_Transmit_DMA
                0x000000002400b52c      0x270 Drivers/STM32H7xx_HAL_Driver/Src/stm32h7xx_hal_i2c.o
                0x000000002400b52c                HAL_I2C_Slave_Seq_Transmit_DMA
 .text.HAL_I2C_Slave_Seq_Receive_IT
                0x000000002400b79c      0x148 Drivers/STM32H7xx_HAL_Driver/Src/stm32h7xx_hal_i2c.o
                0x000000002400b79c                HAL_I2C_Slave_Seq_Receive_IT
 .text.HAL_I2C_Slave_Seq_Receive_DMA
                0x000000002400b8e4      0x270 Drivers/STM32H7xx_HAL_Driver/Src/stm32h7xx_hal_i2c.o
                0x000000002400b8e4                HAL_I2C_Slave_Seq_Receive_DMA
 .text.HAL_I2C_EnableListen_IT
                0x000000002400bb54       0x40 Drivers/STM32H7xx_HAL_Driver/Src/stm32h7xx_hal_i2c.o
                0x000000002400bb54                HAL_I2C_EnableListen_IT
 .text.HAL_I2C_DisableListen_IT
                0x000000002400bb94       0x62 Drivers/STM32H7xx_HAL_Driver/Src/stm32h7xx_hal_i2c.o
                0x000000002400bb94                HAL_I2C_DisableListen_IT
 *fill*         0x000000002400bbf6        0x2 
 .text.HAL_I2C_Master_Abort_IT
                0x000000002400bbf8       0xa0 Drivers/STM32H7xx_HAL_Driver/Src/stm32h7xx_hal_i2c.o
                0x000000002400bbf8                HAL_I2C_Master_Abort_IT
 .text.HAL_I2C_EV_IRQHandler
                0x000000002400bc98       0x34 Drivers/STM32H7xx_HAL_Driver/Src/stm32h7xx_hal_i2c.o
                0x000000002400bc98                HAL_I2C_EV_IRQHandler
 .text.HAL_I2C_ER_IRQHandler
                0x000000002400bccc       0xc2 Drivers/STM32H7xx_HAL_Driver/Src/stm32h7xx_hal_i2c.o
                0x000000002400bccc                HAL_I2C_ER_IRQHandler
 .text.HAL_I2C_MasterTxCpltCallback
                0x000000002400bd8e       0x14 Drivers/STM32H7xx_HAL_Driver/Src/stm32h7xx_hal_i2c.o
                0x000000002400bd8e                HAL_I2C_MasterTxCpltCallback
 .text.HAL_I2C_MasterRxCpltCallback
                0x000000002400bda2       0x14 Drivers/STM32H7xx_HAL_Driver/Src/stm32h7xx_hal_i2c.o
                0x000000002400bda2                HAL_I2C_MasterRxCpltCallback
 .text.HAL_I2C_SlaveTxCpltCallback
                0x000000002400bdb6       0x14 Drivers/STM32H7xx_HAL_Driver/Src/stm32h7xx_hal_i2c.o
                0x000000002400bdb6                HAL_I2C_SlaveTxCpltCallback
 .text.HAL_I2C_SlaveRxCpltCallback
                0x000000002400bdca       0x14 Drivers/STM32H7xx_HAL_Driver/Src/stm32h7xx_hal_i2c.o
                0x000000002400bdca                HAL_I2C_SlaveRxCpltCallback
 .text.HAL_I2C_AddrCallback
                0x000000002400bdde       0x1c Drivers/STM32H7xx_HAL_Driver/Src/stm32h7xx_hal_i2c.o
                0x000000002400bdde                HAL_I2C_AddrCallback
 .text.HAL_I2C_ListenCpltCallback
                0x000000002400bdfa       0x14 Drivers/STM32H7xx_HAL_Driver/Src/stm32h7xx_hal_i2c.o
                0x000000002400bdfa                HAL_I2C_ListenCpltCallback
 .text.HAL_I2C_MemTxCpltCallback
                0x000000002400be0e       0x14 Drivers/STM32H7xx_HAL_Driver/Src/stm32h7xx_hal_i2c.o
                0x000000002400be0e                HAL_I2C_MemTxCpltCallback
 .text.HAL_I2C_MemRxCpltCallback
                0x000000002400be22       0x14 Drivers/STM32H7xx_HAL_Driver/Src/stm32h7xx_hal_i2c.o
                0x000000002400be22                HAL_I2C_MemRxCpltCallback
 .text.HAL_I2C_ErrorCallback
                0x000000002400be36       0x14 Drivers/STM32H7xx_HAL_Driver/Src/stm32h7xx_hal_i2c.o
                0x000000002400be36                HAL_I2C_ErrorCallback
 .text.HAL_I2C_AbortCpltCallback
                0x000000002400be4a       0x14 Drivers/STM32H7xx_HAL_Driver/Src/stm32h7xx_hal_i2c.o
                0x000000002400be4a                HAL_I2C_AbortCpltCallback
 .text.HAL_I2C_GetState
                0x000000002400be5e       0x1c Drivers/STM32H7xx_HAL_Driver/Src/stm32h7xx_hal_i2c.o
                0x000000002400be5e                HAL_I2C_GetState
 .text.HAL_I2C_GetMode
                0x000000002400be7a       0x1c Drivers/STM32H7xx_HAL_Driver/Src/stm32h7xx_hal_i2c.o
                0x000000002400be7a                HAL_I2C_GetMode
 .text.HAL_I2C_GetError
                0x000000002400be96       0x18 Drivers/STM32H7xx_HAL_Driver/Src/stm32h7xx_hal_i2c.o
                0x000000002400be96                HAL_I2C_GetError
 .text.I2C_Master_ISR_IT
                0x000000002400beae      0x252 Drivers/STM32H7xx_HAL_Driver/Src/stm32h7xx_hal_i2c.o
 .text.I2C_Slave_ISR_IT
                0x000000002400c100      0x206 Drivers/STM32H7xx_HAL_Driver/Src/stm32h7xx_hal_i2c.o
 .text.I2C_Master_ISR_DMA
                0x000000002400c306      0x1e6 Drivers/STM32H7xx_HAL_Driver/Src/stm32h7xx_hal_i2c.o
 .text.I2C_Slave_ISR_DMA
                0x000000002400c4ec      0x3c0 Drivers/STM32H7xx_HAL_Driver/Src/stm32h7xx_hal_i2c.o
 .text.I2C_RequestMemoryWrite
                0x000000002400c8ac       0xa8 Drivers/STM32H7xx_HAL_Driver/Src/stm32h7xx_hal_i2c.o
 .text.I2C_RequestMemoryRead
                0x000000002400c954       0xa8 Drivers/STM32H7xx_HAL_Driver/Src/stm32h7xx_hal_i2c.o
 .text.I2C_ITAddrCplt
                0x000000002400c9fc      0x108 Drivers/STM32H7xx_HAL_Driver/Src/stm32h7xx_hal_i2c.o
 .text.I2C_ITMasterSeqCplt
                0x000000002400cb04       0x7a Drivers/STM32H7xx_HAL_Driver/Src/stm32h7xx_hal_i2c.o
 .text.I2C_ITSlaveSeqCplt
                0x000000002400cb7e       0xbc Drivers/STM32H7xx_HAL_Driver/Src/stm32h7xx_hal_i2c.o
 *fill*         0x000000002400cc3a        0x2 
 .text.I2C_ITMasterCplt
                0x000000002400cc3c      0x190 Drivers/STM32H7xx_HAL_Driver/Src/stm32h7xx_hal_i2c.o
 .text.I2C_ITSlaveCplt
                0x000000002400cdcc      0x3f0 Drivers/STM32H7xx_HAL_Driver/Src/stm32h7xx_hal_i2c.o
 .text.I2C_ITListenCplt
                0x000000002400d1bc       0xac Drivers/STM32H7xx_HAL_Driver/Src/stm32h7xx_hal_i2c.o
 .text.I2C_ITError
                0x000000002400d268      0x1a0 Drivers/STM32H7xx_HAL_Driver/Src/stm32h7xx_hal_i2c.o
 .text.I2C_TreatErrorCallback
                0x000000002400d408       0x4e Drivers/STM32H7xx_HAL_Driver/Src/stm32h7xx_hal_i2c.o
 .text.I2C_Flush_TXDR
                0x000000002400d456       0x48 Drivers/STM32H7xx_HAL_Driver/Src/stm32h7xx_hal_i2c.o
 .text.I2C_DMAMasterTransmitCplt
                0x000000002400d49e       0x96 Drivers/STM32H7xx_HAL_Driver/Src/stm32h7xx_hal_i2c.o
 .text.I2C_DMASlaveTransmitCplt
                0x000000002400d534       0x40 Drivers/STM32H7xx_HAL_Driver/Src/stm32h7xx_hal_i2c.o
 .text.I2C_DMAMasterReceiveCplt
                0x000000002400d574       0x96 Drivers/STM32H7xx_HAL_Driver/Src/stm32h7xx_hal_i2c.o
 *fill*         0x000000002400d60a        0x2 
 .text.I2C_DMASlaveReceiveCplt
                0x000000002400d60c      0x164 Drivers/STM32H7xx_HAL_Driver/Src/stm32h7xx_hal_i2c.o
 .text.I2C_DMAError
                0x000000002400d770      0x270 Drivers/STM32H7xx_HAL_Driver/Src/stm32h7xx_hal_i2c.o
 .text.I2C_DMAAbort
                0x000000002400d9e0       0x3c Drivers/STM32H7xx_HAL_Driver/Src/stm32h7xx_hal_i2c.o
 .text.I2C_WaitOnFlagUntilTimeout
                0x000000002400da1c       0x80 Drivers/STM32H7xx_HAL_Driver/Src/stm32h7xx_hal_i2c.o
 .text.I2C_WaitOnTXISFlagUntilTimeout
                0x000000002400da9c       0x80 Drivers/STM32H7xx_HAL_Driver/Src/stm32h7xx_hal_i2c.o
 .text.I2C_WaitOnSTOPFlagUntilTimeout
                0x000000002400db1c       0x78 Drivers/STM32H7xx_HAL_Driver/Src/stm32h7xx_hal_i2c.o
 .text.I2C_WaitOnRXNEFlagUntilTimeout
                0x000000002400db94       0xd8 Drivers/STM32H7xx_HAL_Driver/Src/stm32h7xx_hal_i2c.o
 .text.I2C_IsAcknowledgeFailed
                0x000000002400dc6c       0xcc Drivers/STM32H7xx_HAL_Driver/Src/stm32h7xx_hal_i2c.o
 .text.I2C_TransferConfig
                0x000000002400dd38       0x5c Drivers/STM32H7xx_HAL_Driver/Src/stm32h7xx_hal_i2c.o
 .text.I2C_Enable_IRQ
                0x000000002400dd94       0xc8 Drivers/STM32H7xx_HAL_Driver/Src/stm32h7xx_hal_i2c.o
 .text.I2C_Disable_IRQ
                0x000000002400de5c       0xbc Drivers/STM32H7xx_HAL_Driver/Src/stm32h7xx_hal_i2c.o
 .text.I2C_ConvertOtherXferOptions
                0x000000002400df18       0x36 Drivers/STM32H7xx_HAL_Driver/Src/stm32h7xx_hal_i2c.o
 .text.HAL_I2CEx_ConfigAnalogFilter
                0x000000002400df4e       0x96 Drivers/STM32H7xx_HAL_Driver/Src/stm32h7xx_hal_i2c_ex.o
                0x000000002400df4e                HAL_I2CEx_ConfigAnalogFilter
 .text.HAL_I2CEx_ConfigDigitalFilter
                0x000000002400dfe4       0x98 Drivers/STM32H7xx_HAL_Driver/Src/stm32h7xx_hal_i2c_ex.o
                0x000000002400dfe4                HAL_I2CEx_ConfigDigitalFilter
 .text.HAL_I2CEx_EnableWakeUp
                0x000000002400e07c       0x84 Drivers/STM32H7xx_HAL_Driver/Src/stm32h7xx_hal_i2c_ex.o
                0x000000002400e07c                HAL_I2CEx_EnableWakeUp
 .text.HAL_I2CEx_DisableWakeUp
                0x000000002400e100       0x84 Drivers/STM32H7xx_HAL_Driver/Src/stm32h7xx_hal_i2c_ex.o
                0x000000002400e100                HAL_I2CEx_DisableWakeUp
 .text.HAL_I2CEx_EnableFastModePlus
                0x000000002400e184       0x48 Drivers/STM32H7xx_HAL_Driver/Src/stm32h7xx_hal_i2c_ex.o
                0x000000002400e184                HAL_I2CEx_EnableFastModePlus
 .text.HAL_I2CEx_DisableFastModePlus
                0x000000002400e1cc       0x48 Drivers/STM32H7xx_HAL_Driver/Src/stm32h7xx_hal_i2c_ex.o
                0x000000002400e1cc                HAL_I2CEx_DisableFastModePlus
 .text.HAL_MDMA_Init
                0x000000002400e214       0x98 Drivers/STM32H7xx_HAL_Driver/Src/stm32h7xx_hal_mdma.o
                0x000000002400e214                HAL_MDMA_Init
 .text.HAL_MDMA_DeInit
                0x000000002400e2ac       0xb0 Drivers/STM32H7xx_HAL_Driver/Src/stm32h7xx_hal_mdma.o
                0x000000002400e2ac                HAL_MDMA_DeInit
 .text.HAL_MDMA_ConfigPostRequestMask
                0x000000002400e35c       0xa4 Drivers/STM32H7xx_HAL_Driver/Src/stm32h7xx_hal_mdma.o
                0x000000002400e35c                HAL_MDMA_ConfigPostRequestMask
 .text.HAL_MDMA_RegisterCallback
                0x000000002400e400       0xb4 Drivers/STM32H7xx_HAL_Driver/Src/stm32h7xx_hal_mdma.o
                0x000000002400e400                HAL_MDMA_RegisterCallback
 .text.HAL_MDMA_UnRegisterCallback
                0x000000002400e4b4       0xdc Drivers/STM32H7xx_HAL_Driver/Src/stm32h7xx_hal_mdma.o
                0x000000002400e4b4                HAL_MDMA_UnRegisterCallback
 .text.HAL_MDMA_LinkedList_CreateNode
                0x000000002400e590      0x1b8 Drivers/STM32H7xx_HAL_Driver/Src/stm32h7xx_hal_mdma.o
                0x000000002400e590                HAL_MDMA_LinkedList_CreateNode
 .text.HAL_MDMA_LinkedList_AddNode
                0x000000002400e748      0x188 Drivers/STM32H7xx_HAL_Driver/Src/stm32h7xx_hal_mdma.o
                0x000000002400e748                HAL_MDMA_LinkedList_AddNode
 .text.HAL_MDMA_LinkedList_RemoveNode
                0x000000002400e8d0      0x166 Drivers/STM32H7xx_HAL_Driver/Src/stm32h7xx_hal_mdma.o
                0x000000002400e8d0                HAL_MDMA_LinkedList_RemoveNode
 .text.HAL_MDMA_LinkedList_EnableCircularMode
                0x000000002400ea36       0x86 Drivers/STM32H7xx_HAL_Driver/Src/stm32h7xx_hal_mdma.o
                0x000000002400ea36                HAL_MDMA_LinkedList_EnableCircularMode
 .text.HAL_MDMA_LinkedList_DisableCircularMode
                0x000000002400eabc       0x84 Drivers/STM32H7xx_HAL_Driver/Src/stm32h7xx_hal_mdma.o
                0x000000002400eabc                HAL_MDMA_LinkedList_DisableCircularMode
 .text.HAL_MDMA_Start
                0x000000002400eb40       0xaa Drivers/STM32H7xx_HAL_Driver/Src/stm32h7xx_hal_mdma.o
                0x000000002400eb40                HAL_MDMA_Start
 .text.HAL_MDMA_Start_IT
                0x000000002400ebea      0x102 Drivers/STM32H7xx_HAL_Driver/Src/stm32h7xx_hal_mdma.o
                0x000000002400ebea                HAL_MDMA_Start_IT
 .text.HAL_MDMA_Abort
                0x000000002400ecec       0xb6 Drivers/STM32H7xx_HAL_Driver/Src/stm32h7xx_hal_mdma.o
                0x000000002400ecec                HAL_MDMA_Abort
 .text.HAL_MDMA_Abort_IT
                0x000000002400eda2       0x4e Drivers/STM32H7xx_HAL_Driver/Src/stm32h7xx_hal_mdma.o
                0x000000002400eda2                HAL_MDMA_Abort_IT
 .text.HAL_MDMA_PollForTransfer
                0x000000002400edf0      0x194 Drivers/STM32H7xx_HAL_Driver/Src/stm32h7xx_hal_mdma.o
                0x000000002400edf0                HAL_MDMA_PollForTransfer
 .text.HAL_MDMA_GenerateSWRequest
                0x000000002400ef84       0x74 Drivers/STM32H7xx_HAL_Driver/Src/stm32h7xx_hal_mdma.o
                0x000000002400ef84                HAL_MDMA_GenerateSWRequest
 .text.HAL_MDMA_IRQHandler
                0x000000002400eff8      0x2ac Drivers/STM32H7xx_HAL_Driver/Src/stm32h7xx_hal_mdma.o
                0x000000002400eff8                HAL_MDMA_IRQHandler
 .text.HAL_MDMA_GetState
                0x000000002400f2a4       0x1c Drivers/STM32H7xx_HAL_Driver/Src/stm32h7xx_hal_mdma.o
                0x000000002400f2a4                HAL_MDMA_GetState
 .text.HAL_MDMA_GetError
                0x000000002400f2c0       0x18 Drivers/STM32H7xx_HAL_Driver/Src/stm32h7xx_hal_mdma.o
                0x000000002400f2c0                HAL_MDMA_GetError
 .text.MDMA_SetConfig
                0x000000002400f2d8       0xe0 Drivers/STM32H7xx_HAL_Driver/Src/stm32h7xx_hal_mdma.o
 .text.MDMA_Init
                0x000000002400f3b8      0x130 Drivers/STM32H7xx_HAL_Driver/Src/stm32h7xx_hal_mdma.o
 .text.HAL_PWR_DeInit
                0x000000002400f4e8        0xe Drivers/STM32H7xx_HAL_Driver/Src/stm32h7xx_hal_pwr.o
                0x000000002400f4e8                HAL_PWR_DeInit
 *fill*         0x000000002400f4f6        0x2 
 .text.HAL_PWR_EnableBkUpAccess
                0x000000002400f4f8       0x20 Drivers/STM32H7xx_HAL_Driver/Src/stm32h7xx_hal_pwr.o
                0x000000002400f4f8                HAL_PWR_EnableBkUpAccess
 .text.HAL_PWR_DisableBkUpAccess
                0x000000002400f518       0x20 Drivers/STM32H7xx_HAL_Driver/Src/stm32h7xx_hal_pwr.o
                0x000000002400f518                HAL_PWR_DisableBkUpAccess
 .text.HAL_PWR_ConfigPVD
                0x000000002400f538       0xf4 Drivers/STM32H7xx_HAL_Driver/Src/stm32h7xx_hal_pwr.o
                0x000000002400f538                HAL_PWR_ConfigPVD
 .text.HAL_PWR_EnablePVD
                0x000000002400f62c       0x20 Drivers/STM32H7xx_HAL_Driver/Src/stm32h7xx_hal_pwr.o
                0x000000002400f62c                HAL_PWR_EnablePVD
 .text.HAL_PWR_DisablePVD
                0x000000002400f64c       0x20 Drivers/STM32H7xx_HAL_Driver/Src/stm32h7xx_hal_pwr.o
                0x000000002400f64c                HAL_PWR_DisablePVD
 .text.HAL_PWR_EnableWakeUpPin
                0x000000002400f66c       0x2c Drivers/STM32H7xx_HAL_Driver/Src/stm32h7xx_hal_pwr.o
                0x000000002400f66c                HAL_PWR_EnableWakeUpPin
 .text.HAL_PWR_DisableWakeUpPin
                0x000000002400f698       0x2c Drivers/STM32H7xx_HAL_Driver/Src/stm32h7xx_hal_pwr.o
                0x000000002400f698                HAL_PWR_DisableWakeUpPin
 .text.HAL_PWR_EnterSLEEPMode
                0x000000002400f6c4       0x34 Drivers/STM32H7xx_HAL_Driver/Src/stm32h7xx_hal_pwr.o
                0x000000002400f6c4                HAL_PWR_EnterSLEEPMode
 .text.HAL_PWR_EnterSTOPMode
                0x000000002400f6f8       0x74 Drivers/STM32H7xx_HAL_Driver/Src/stm32h7xx_hal_pwr.o
                0x000000002400f6f8                HAL_PWR_EnterSTOPMode
 .text.HAL_PWR_EnterSTANDBYMode
                0x000000002400f76c       0x44 Drivers/STM32H7xx_HAL_Driver/Src/stm32h7xx_hal_pwr.o
                0x000000002400f76c                HAL_PWR_EnterSTANDBYMode
 .text.HAL_PWR_EnableSleepOnExit
                0x000000002400f7b0       0x20 Drivers/STM32H7xx_HAL_Driver/Src/stm32h7xx_hal_pwr.o
                0x000000002400f7b0                HAL_PWR_EnableSleepOnExit
 .text.HAL_PWR_DisableSleepOnExit
                0x000000002400f7d0       0x20 Drivers/STM32H7xx_HAL_Driver/Src/stm32h7xx_hal_pwr.o
                0x000000002400f7d0                HAL_PWR_DisableSleepOnExit
 .text.HAL_PWR_EnableSEVOnPend
                0x000000002400f7f0       0x20 Drivers/STM32H7xx_HAL_Driver/Src/stm32h7xx_hal_pwr.o
                0x000000002400f7f0                HAL_PWR_EnableSEVOnPend
 .text.HAL_PWR_DisableSEVOnPend
                0x000000002400f810       0x20 Drivers/STM32H7xx_HAL_Driver/Src/stm32h7xx_hal_pwr.o
                0x000000002400f810                HAL_PWR_DisableSEVOnPend
 .text.HAL_PWR_PVD_IRQHandler
                0x000000002400f830       0x32 Drivers/STM32H7xx_HAL_Driver/Src/stm32h7xx_hal_pwr.o
                0x000000002400f830                HAL_PWR_PVD_IRQHandler
 .text.HAL_PWR_PVDCallback
                0x000000002400f862        0xe Drivers/STM32H7xx_HAL_Driver/Src/stm32h7xx_hal_pwr.o
                0x000000002400f862                HAL_PWR_PVDCallback
 .text.HAL_PWREx_ConfigSupply
                0x000000002400f870       0x74 Drivers/STM32H7xx_HAL_Driver/Src/stm32h7xx_hal_pwr_ex.o
                0x000000002400f870                HAL_PWREx_ConfigSupply
 .text.HAL_PWREx_GetSupplyConfig
                0x000000002400f8e4       0x1c Drivers/STM32H7xx_HAL_Driver/Src/stm32h7xx_hal_pwr_ex.o
                0x000000002400f8e4                HAL_PWREx_GetSupplyConfig
 .text.HAL_PWREx_ControlVoltageScaling
                0x000000002400f900      0x110 Drivers/STM32H7xx_HAL_Driver/Src/stm32h7xx_hal_pwr_ex.o
                0x000000002400f900                HAL_PWREx_ControlVoltageScaling
 .text.HAL_PWREx_GetVoltageRange
                0x000000002400fa10       0x1c Drivers/STM32H7xx_HAL_Driver/Src/stm32h7xx_hal_pwr_ex.o
                0x000000002400fa10                HAL_PWREx_GetVoltageRange
 .text.HAL_PWREx_ControlStopModeVoltageScaling
                0x000000002400fa2c       0x2c Drivers/STM32H7xx_HAL_Driver/Src/stm32h7xx_hal_pwr_ex.o
                0x000000002400fa2c                HAL_PWREx_ControlStopModeVoltageScaling
 .text.HAL_PWREx_GetStopModeVoltageRange
                0x000000002400fa58       0x1c Drivers/STM32H7xx_HAL_Driver/Src/stm32h7xx_hal_pwr_ex.o
                0x000000002400fa58                HAL_PWREx_GetStopModeVoltageRange
 .text.HAL_PWREx_EnterSTOPMode
                0x000000002400fa74       0x94 Drivers/STM32H7xx_HAL_Driver/Src/stm32h7xx_hal_pwr_ex.o
                0x000000002400fa74                HAL_PWREx_EnterSTOPMode
 .text.HAL_PWREx_ClearPendingEvent
                0x000000002400fb08       0x10 Drivers/STM32H7xx_HAL_Driver/Src/stm32h7xx_hal_pwr_ex.o
                0x000000002400fb08                HAL_PWREx_ClearPendingEvent
 .text.HAL_PWREx_EnterSTANDBYMode
                0x000000002400fb18       0x60 Drivers/STM32H7xx_HAL_Driver/Src/stm32h7xx_hal_pwr_ex.o
                0x000000002400fb18                HAL_PWREx_EnterSTANDBYMode
 .text.HAL_PWREx_ConfigD3Domain
                0x000000002400fb78       0x28 Drivers/STM32H7xx_HAL_Driver/Src/stm32h7xx_hal_pwr_ex.o
                0x000000002400fb78                HAL_PWREx_ConfigD3Domain
 .text.HAL_PWREx_EnableFlashPowerDown
                0x000000002400fba0       0x20 Drivers/STM32H7xx_HAL_Driver/Src/stm32h7xx_hal_pwr_ex.o
                0x000000002400fba0                HAL_PWREx_EnableFlashPowerDown
 .text.HAL_PWREx_DisableFlashPowerDown
                0x000000002400fbc0       0x20 Drivers/STM32H7xx_HAL_Driver/Src/stm32h7xx_hal_pwr_ex.o
                0x000000002400fbc0                HAL_PWREx_DisableFlashPowerDown
 .text.HAL_PWREx_EnableWakeUpPin
                0x000000002400fbe0       0xf0 Drivers/STM32H7xx_HAL_Driver/Src/stm32h7xx_hal_pwr_ex.o
                0x000000002400fbe0                HAL_PWREx_EnableWakeUpPin
 .text.HAL_PWREx_DisableWakeUpPin
                0x000000002400fcd0       0x28 Drivers/STM32H7xx_HAL_Driver/Src/stm32h7xx_hal_pwr_ex.o
                0x000000002400fcd0                HAL_PWREx_DisableWakeUpPin
 .text.HAL_PWREx_GetWakeupFlag
                0x000000002400fcf8       0x20 Drivers/STM32H7xx_HAL_Driver/Src/stm32h7xx_hal_pwr_ex.o
                0x000000002400fcf8                HAL_PWREx_GetWakeupFlag
 .text.HAL_PWREx_ClearWakeupFlag
                0x000000002400fd18       0x38 Drivers/STM32H7xx_HAL_Driver/Src/stm32h7xx_hal_pwr_ex.o
                0x000000002400fd18                HAL_PWREx_ClearWakeupFlag
 .text.HAL_PWREx_WAKEUP_PIN_IRQHandler
                0x000000002400fd50       0xb4 Drivers/STM32H7xx_HAL_Driver/Src/stm32h7xx_hal_pwr_ex.o
                0x000000002400fd50                HAL_PWREx_WAKEUP_PIN_IRQHandler
 .text.HAL_PWREx_WKUP1_Callback
                0x000000002400fe04        0xe Drivers/STM32H7xx_HAL_Driver/Src/stm32h7xx_hal_pwr_ex.o
                0x000000002400fe04                HAL_PWREx_WKUP1_Callback
 .text.HAL_PWREx_WKUP2_Callback
                0x000000002400fe12        0xe Drivers/STM32H7xx_HAL_Driver/Src/stm32h7xx_hal_pwr_ex.o
                0x000000002400fe12                HAL_PWREx_WKUP2_Callback
 .text.HAL_PWREx_WKUP3_Callback
                0x000000002400fe20        0xe Drivers/STM32H7xx_HAL_Driver/Src/stm32h7xx_hal_pwr_ex.o
                0x000000002400fe20                HAL_PWREx_WKUP3_Callback
 .text.HAL_PWREx_WKUP4_Callback
                0x000000002400fe2e        0xe Drivers/STM32H7xx_HAL_Driver/Src/stm32h7xx_hal_pwr_ex.o
                0x000000002400fe2e                HAL_PWREx_WKUP4_Callback
 .text.HAL_PWREx_WKUP5_Callback
                0x000000002400fe3c        0xe Drivers/STM32H7xx_HAL_Driver/Src/stm32h7xx_hal_pwr_ex.o
                0x000000002400fe3c                HAL_PWREx_WKUP5_Callback
 .text.HAL_PWREx_WKUP6_Callback
                0x000000002400fe4a        0xe Drivers/STM32H7xx_HAL_Driver/Src/stm32h7xx_hal_pwr_ex.o
                0x000000002400fe4a                HAL_PWREx_WKUP6_Callback
 .text.HAL_PWREx_EnableBkUpReg
                0x000000002400fe58       0x4c Drivers/STM32H7xx_HAL_Driver/Src/stm32h7xx_hal_pwr_ex.o
                0x000000002400fe58                HAL_PWREx_EnableBkUpReg
 .text.HAL_PWREx_DisableBkUpReg
                0x000000002400fea4       0x4c Drivers/STM32H7xx_HAL_Driver/Src/stm32h7xx_hal_pwr_ex.o
                0x000000002400fea4                HAL_PWREx_DisableBkUpReg
 .text.HAL_PWREx_EnableUSBReg
                0x000000002400fef0       0x4c Drivers/STM32H7xx_HAL_Driver/Src/stm32h7xx_hal_pwr_ex.o
                0x000000002400fef0                HAL_PWREx_EnableUSBReg
 .text.HAL_PWREx_DisableUSBReg
                0x000000002400ff3c       0x4c Drivers/STM32H7xx_HAL_Driver/Src/stm32h7xx_hal_pwr_ex.o
                0x000000002400ff3c                HAL_PWREx_DisableUSBReg
 .text.HAL_PWREx_EnableUSBVoltageDetector
                0x000000002400ff88       0x20 Drivers/STM32H7xx_HAL_Driver/Src/stm32h7xx_hal_pwr_ex.o
                0x000000002400ff88                HAL_PWREx_EnableUSBVoltageDetector
 .text.HAL_PWREx_DisableUSBVoltageDetector
                0x000000002400ffa8       0x20 Drivers/STM32H7xx_HAL_Driver/Src/stm32h7xx_hal_pwr_ex.o
                0x000000002400ffa8                HAL_PWREx_DisableUSBVoltageDetector
 .text.HAL_PWREx_EnableBatteryCharging
                0x000000002400ffc8       0x34 Drivers/STM32H7xx_HAL_Driver/Src/stm32h7xx_hal_pwr_ex.o
                0x000000002400ffc8                HAL_PWREx_EnableBatteryCharging
 .text.HAL_PWREx_DisableBatteryCharging
                0x000000002400fffc       0x20 Drivers/STM32H7xx_HAL_Driver/Src/stm32h7xx_hal_pwr_ex.o
                0x000000002400fffc                HAL_PWREx_DisableBatteryCharging
 .text.HAL_PWREx_EnableMonitoring
                0x000000002401001c       0x20 Drivers/STM32H7xx_HAL_Driver/Src/stm32h7xx_hal_pwr_ex.o
                0x000000002401001c                HAL_PWREx_EnableMonitoring
 .text.HAL_PWREx_DisableMonitoring
                0x000000002401003c       0x20 Drivers/STM32H7xx_HAL_Driver/Src/stm32h7xx_hal_pwr_ex.o
                0x000000002401003c                HAL_PWREx_DisableMonitoring
 .text.HAL_PWREx_GetTemperatureLevel
                0x000000002401005c       0x48 Drivers/STM32H7xx_HAL_Driver/Src/stm32h7xx_hal_pwr_ex.o
                0x000000002401005c                HAL_PWREx_GetTemperatureLevel
 .text.HAL_PWREx_GetVBATLevel
                0x00000000240100a4       0x48 Drivers/STM32H7xx_HAL_Driver/Src/stm32h7xx_hal_pwr_ex.o
                0x00000000240100a4                HAL_PWREx_GetVBATLevel
 .text.HAL_PWREx_ConfigAVD
                0x00000000240100ec       0xec Drivers/STM32H7xx_HAL_Driver/Src/stm32h7xx_hal_pwr_ex.o
                0x00000000240100ec                HAL_PWREx_ConfigAVD
 .text.HAL_PWREx_EnableAVD
                0x00000000240101d8       0x20 Drivers/STM32H7xx_HAL_Driver/Src/stm32h7xx_hal_pwr_ex.o
                0x00000000240101d8                HAL_PWREx_EnableAVD
 .text.HAL_PWREx_DisableAVD
                0x00000000240101f8       0x20 Drivers/STM32H7xx_HAL_Driver/Src/stm32h7xx_hal_pwr_ex.o
                0x00000000240101f8                HAL_PWREx_DisableAVD
 .text.HAL_PWREx_PVD_AVD_IRQHandler
                0x0000000024010218       0x78 Drivers/STM32H7xx_HAL_Driver/Src/stm32h7xx_hal_pwr_ex.o
                0x0000000024010218                HAL_PWREx_PVD_AVD_IRQHandler
 .text.HAL_PWREx_AVDCallback
                0x0000000024010290        0xe Drivers/STM32H7xx_HAL_Driver/Src/stm32h7xx_hal_pwr_ex.o
                0x0000000024010290                HAL_PWREx_AVDCallback
 *fill*         0x000000002401029e        0x2 
 .text.HAL_QSPI_Init
                0x00000000240102a0       0xe8 Drivers/STM32H7xx_HAL_Driver/Src/stm32h7xx_hal_qspi.o
                0x00000000240102a0                HAL_QSPI_Init
 .text.HAL_QSPI_DeInit
                0x0000000024010388       0x40 Drivers/STM32H7xx_HAL_Driver/Src/stm32h7xx_hal_qspi.o
                0x0000000024010388                HAL_QSPI_DeInit
 .text.HAL_QSPI_MspInit
                0x00000000240103c8       0x14 Drivers/STM32H7xx_HAL_Driver/Src/stm32h7xx_hal_qspi.o
 .text.HAL_QSPI_MspDeInit
                0x00000000240103dc       0x14 Drivers/STM32H7xx_HAL_Driver/Src/stm32h7xx_hal_qspi.o
 .text.HAL_QSPI_IRQHandler
                0x00000000240103f0      0x374 Drivers/STM32H7xx_HAL_Driver/Src/stm32h7xx_hal_qspi.o
                0x00000000240103f0                HAL_QSPI_IRQHandler
 .text.HAL_QSPI_Command
                0x0000000024010764       0xbc Drivers/STM32H7xx_HAL_Driver/Src/stm32h7xx_hal_qspi.o
                0x0000000024010764                HAL_QSPI_Command
 .text.HAL_QSPI_Command_IT
                0x0000000024010820       0xcc Drivers/STM32H7xx_HAL_Driver/Src/stm32h7xx_hal_qspi.o
                0x0000000024010820                HAL_QSPI_Command_IT
 .text.HAL_QSPI_Transmit
                0x00000000240108ec      0x124 Drivers/STM32H7xx_HAL_Driver/Src/stm32h7xx_hal_qspi.o
                0x00000000240108ec                HAL_QSPI_Transmit
 .text.HAL_QSPI_Receive
                0x0000000024010a10      0x13a Drivers/STM32H7xx_HAL_Driver/Src/stm32h7xx_hal_qspi.o
                0x0000000024010a10                HAL_QSPI_Receive
 .text.HAL_QSPI_Transmit_IT
                0x0000000024010b4a       0xca Drivers/STM32H7xx_HAL_Driver/Src/stm32h7xx_hal_qspi.o
                0x0000000024010b4a                HAL_QSPI_Transmit_IT
 .text.HAL_QSPI_Receive_IT
                0x0000000024010c14       0xde Drivers/STM32H7xx_HAL_Driver/Src/stm32h7xx_hal_qspi.o
                0x0000000024010c14                HAL_QSPI_Receive_IT
 *fill*         0x0000000024010cf2        0x2 
 .text.HAL_QSPI_Transmit_DMA
                0x0000000024010cf4      0x1dc Drivers/STM32H7xx_HAL_Driver/Src/stm32h7xx_hal_qspi.o
                0x0000000024010cf4                HAL_QSPI_Transmit_DMA
 .text.HAL_QSPI_Receive_DMA
                0x0000000024010ed0      0x1f0 Drivers/STM32H7xx_HAL_Driver/Src/stm32h7xx_hal_qspi.o
                0x0000000024010ed0                HAL_QSPI_Receive_DMA
 .text.HAL_QSPI_AutoPolling
                0x00000000240110c0       0xee Drivers/STM32H7xx_HAL_Driver/Src/stm32h7xx_hal_qspi.o