../Drivers/STM32H7xx_HAL_Driver/Src/stm32h7xx_hal_dma.c:1765:13:DMA_SetConfig	20	static
../Drivers/STM32H7xx_HAL_Driver/Src/stm32h7xx_hal_dma.c:1852:17:DMA_CalcBaseAndBitshift	8	static
../Drivers/STM32H7xx_HAL_Driver/Src/stm32h7xx_hal_dma.c:1982:13:DMA_CalcDMAMUXChannelBaseAndMask	0	static
../Drivers/STM32H7xx_HAL_Driver/Src/stm32h7xx_hal_dma.c:2017:13:DMA_CalcDMAMUXRequestGenBaseAndMask	8	static
../Drivers/STM32H7xx_HAL_Driver/Src/stm32h7xx_hal_dma.c:211:19:HAL_DMA_Init	24	static
../Drivers/STM32H7xx_HAL_Driver/Src/stm32h7xx_hal_dma.c:463:19:HAL_DMA_DeInit	16	static
../Drivers/STM32H7xx_HAL_Driver/Src/stm32h7xx_hal_dma.c:618:19:HAL_DMA_Start	16	static
../Drivers/STM32H7xx_HAL_Driver/Src/stm32h7xx_hal_dma.c:674:19:HAL_DMA_Start_IT	16	static
../Drivers/STM32H7xx_HAL_Driver/Src/stm32h7xx_hal_dma.c:774:19:HAL_DMA_Abort	24	static
../Drivers/STM32H7xx_HAL_Driver/Src/stm32h7xx_hal_dma.c:890:19:HAL_DMA_Abort_IT	8	static
../Drivers/STM32H7xx_HAL_Driver/Src/stm32h7xx_hal_dma.c:974:19:HAL_DMA_PollForTransfer	40	static
../Drivers/STM32H7xx_HAL_Driver/Src/stm32h7xx_hal_dma.c:1201:6:HAL_DMA_IRQHandler	32	static
../Drivers/STM32H7xx_HAL_Driver/Src/stm32h7xx_hal_dma.c:1571:19:HAL_DMA_RegisterCallback	0	static
../Drivers/STM32H7xx_HAL_Driver/Src/stm32h7xx_hal_dma.c:1637:19:HAL_DMA_UnRegisterCallback	8	static
../Drivers/STM32H7xx_HAL_Driver/Src/stm32h7xx_hal_dma.c:1728:22:HAL_DMA_GetState	0	static
../Drivers/STM32H7xx_HAL_Driver/Src/stm32h7xx_hal_dma.c:1739:10:HAL_DMA_GetError	0	static
