../Drivers/STM32H7xx_HAL_Driver/Src/stm32h7xx_hal_hsem.c:151:20:HAL_HSEM_Take	0	static
../Drivers/STM32H7xx_HAL_Driver/Src/stm32h7xx_hal_hsem.c:188:19:HAL_HSEM_FastTake	0	static
../Drivers/STM32H7xx_HAL_Driver/Src/stm32h7xx_hal_hsem.c:217:10:HAL_HSEM_IsSemTaken	0	static
../Drivers/STM32H7xx_HAL_Driver/Src/stm32h7xx_hal_hsem.c:229:7:HAL_HSEM_Release	0	static
../Drivers/STM32H7xx_HAL_Driver/Src/stm32h7xx_hal_hsem.c:250:6:HAL_HSEM_ReleaseAll	0	static
../Drivers/STM32H7xx_HAL_Driver/Src/stm32h7xx_hal_hsem.c:282:7:HAL_HSEM_SetClearKey	0	static
../Drivers/STM32H7xx_HAL_Driver/Src/stm32h7xx_hal_hsem.c:294:10:HAL_HSEM_GetClearKey	0	static
../Drivers/STM32H7xx_HAL_Driver/Src/stm32h7xx_hal_hsem.c:321:6:HAL_HSEM_ActivateNotification	0	static
../Drivers/STM32H7xx_HAL_Driver/Src/stm32h7xx_hal_hsem.c:345:6:HAL_HSEM_DeactivateNotification	0	static
../Drivers/STM32H7xx_HAL_Driver/Src/stm32h7xx_hal_hsem.c:414:13:HAL_HSEM_FreeCallback	0	static
../Drivers/STM32H7xx_HAL_Driver/Src/stm32h7xx_hal_hsem.c:368:6:HAL_HSEM_IRQHandler	8	static
