../Drivers/STM32H7xx_HAL_Driver/Src/stm32h7xx_hal_pwr_ex.c:309:19:HAL_PWREx_ConfigSupply	16	static
../Drivers/STM32H7xx_HAL_Driver/Src/stm32h7xx_hal_pwr_ex.c:381:10:HAL_PWREx_GetSupplyConfig	0	static
../Drivers/STM32H7xx_HAL_Driver/Src/stm32h7xx_hal_pwr_ex.c:407:19:HAL_PWREx_ControlVoltageScaling	16	static
../Drivers/STM32H7xx_HAL_Driver/Src/stm32h7xx_hal_pwr_ex.c:501:10:HAL_PWREx_GetVoltageRange	0	static
../Drivers/STM32H7xx_HAL_Driver/Src/stm32h7xx_hal_pwr_ex.c:527:19:HAL_PWREx_ControlStopModeVoltageScaling	0	static
../Drivers/STM32H7xx_HAL_Driver/Src/stm32h7xx_hal_pwr_ex.c:542:10:HAL_PWREx_GetStopModeVoltageRange	0	static
../Drivers/STM32H7xx_HAL_Driver/Src/stm32h7xx_hal_pwr_ex.c:805:6:HAL_PWREx_EnterSTOPMode	8	static,ignoring_inline_asm
../Drivers/STM32H7xx_HAL_Driver/Src/stm32h7xx_hal_pwr_ex.c:910:6:HAL_PWREx_ClearPendingEvent	0	static,ignoring_inline_asm
../Drivers/STM32H7xx_HAL_Driver/Src/stm32h7xx_hal_pwr_ex.c:957:6:HAL_PWREx_EnterSTANDBYMode	0	static,ignoring_inline_asm
../Drivers/STM32H7xx_HAL_Driver/Src/stm32h7xx_hal_pwr_ex.c:1052:6:HAL_PWREx_ConfigD3Domain	0	static
../Drivers/STM32H7xx_HAL_Driver/Src/stm32h7xx_hal_pwr_ex.c:1183:6:HAL_PWREx_EnableFlashPowerDown	0	static
../Drivers/STM32H7xx_HAL_Driver/Src/stm32h7xx_hal_pwr_ex.c:1197:6:HAL_PWREx_DisableFlashPowerDown	0	static
../Drivers/STM32H7xx_HAL_Driver/Src/stm32h7xx_hal_pwr_ex.c:1273:6:HAL_PWREx_EnableWakeUpPin	20	static,ignoring_inline_asm
../Drivers/STM32H7xx_HAL_Driver/Src/stm32h7xx_hal_pwr_ex.c:1313:6:HAL_PWREx_DisableWakeUpPin	0	static
../Drivers/STM32H7xx_HAL_Driver/Src/stm32h7xx_hal_pwr_ex.c:1336:10:HAL_PWREx_GetWakeupFlag	0	static
../Drivers/STM32H7xx_HAL_Driver/Src/stm32h7xx_hal_pwr_ex.c:1359:19:HAL_PWREx_ClearWakeupFlag	0	static
../Drivers/STM32H7xx_HAL_Driver/Src/stm32h7xx_hal_pwr_ex.c:1438:13:HAL_PWREx_WKUP1_Callback	0	static
../Drivers/STM32H7xx_HAL_Driver/Src/stm32h7xx_hal_pwr_ex.c:1449:13:HAL_PWREx_WKUP2_Callback	0	static
../Drivers/STM32H7xx_HAL_Driver/Src/stm32h7xx_hal_pwr_ex.c:1460:13:HAL_PWREx_WKUP3_Callback	0	static
../Drivers/STM32H7xx_HAL_Driver/Src/stm32h7xx_hal_pwr_ex.c:1471:13:HAL_PWREx_WKUP4_Callback	0	static
../Drivers/STM32H7xx_HAL_Driver/Src/stm32h7xx_hal_pwr_ex.c:1482:13:HAL_PWREx_WKUP5_Callback	0	static
../Drivers/STM32H7xx_HAL_Driver/Src/stm32h7xx_hal_pwr_ex.c:1493:13:HAL_PWREx_WKUP6_Callback	0	static
../Drivers/STM32H7xx_HAL_Driver/Src/stm32h7xx_hal_pwr_ex.c:1381:6:HAL_PWREx_WAKEUP_PIN_IRQHandler	8	static
../Drivers/STM32H7xx_HAL_Driver/Src/stm32h7xx_hal_pwr_ex.c:1582:19:HAL_PWREx_EnableBkUpReg	16	static
../Drivers/STM32H7xx_HAL_Driver/Src/stm32h7xx_hal_pwr_ex.c:1608:19:HAL_PWREx_DisableBkUpReg	16	static
../Drivers/STM32H7xx_HAL_Driver/Src/stm32h7xx_hal_pwr_ex.c:1634:19:HAL_PWREx_EnableUSBReg	16	static
../Drivers/STM32H7xx_HAL_Driver/Src/stm32h7xx_hal_pwr_ex.c:1660:19:HAL_PWREx_DisableUSBReg	16	static
../Drivers/STM32H7xx_HAL_Driver/Src/stm32h7xx_hal_pwr_ex.c:1686:6:HAL_PWREx_EnableUSBVoltageDetector	0	static
../Drivers/STM32H7xx_HAL_Driver/Src/stm32h7xx_hal_pwr_ex.c:1696:6:HAL_PWREx_DisableUSBVoltageDetector	0	static
../Drivers/STM32H7xx_HAL_Driver/Src/stm32h7xx_hal_pwr_ex.c:1712:6:HAL_PWREx_EnableBatteryCharging	0	static
../Drivers/STM32H7xx_HAL_Driver/Src/stm32h7xx_hal_pwr_ex.c:1728:6:HAL_PWREx_DisableBatteryCharging	0	static
../Drivers/STM32H7xx_HAL_Driver/Src/stm32h7xx_hal_pwr_ex.c:1818:6:HAL_PWREx_EnableMonitoring	0	static
../Drivers/STM32H7xx_HAL_Driver/Src/stm32h7xx_hal_pwr_ex.c:1828:6:HAL_PWREx_DisableMonitoring	0	static
../Drivers/STM32H7xx_HAL_Driver/Src/stm32h7xx_hal_pwr_ex.c:1839:10:HAL_PWREx_GetTemperatureLevel	0	static
../Drivers/STM32H7xx_HAL_Driver/Src/stm32h7xx_hal_pwr_ex.c:1870:10:HAL_PWREx_GetVBATLevel	0	static
../Drivers/STM32H7xx_HAL_Driver/Src/stm32h7xx_hal_pwr_ex.c:1933:6:HAL_PWREx_ConfigAVD	0	static
../Drivers/STM32H7xx_HAL_Driver/Src/stm32h7xx_hal_pwr_ex.c:1982:6:HAL_PWREx_EnableAVD	0	static
../Drivers/STM32H7xx_HAL_Driver/Src/stm32h7xx_hal_pwr_ex.c:1992:6:HAL_PWREx_DisableAVD	0	static
../Drivers/STM32H7xx_HAL_Driver/Src/stm32h7xx_hal_pwr_ex.c:2076:13:HAL_PWREx_AVDCallback	0	static
../Drivers/STM32H7xx_HAL_Driver/Src/stm32h7xx_hal_pwr_ex.c:2003:6:HAL_PWREx_PVD_AVD_IRQHandler	8	static
