../Drivers/STM32H7xx_HAL_Driver/Src/stm32h7xx_hal_rcc_ex.c:3194:26:RCCEx_PLL2_Config	24	static
../Drivers/STM32H7xx_HAL_Driver/Src/stm32h7xx_hal_rcc_ex.c:3299:26:RCCEx_PLL3_Config	24	static
../Drivers/STM32H7xx_HAL_Driver/Src/stm32h7xx_hal_rcc_ex.c:98:19:HAL_RCCEx_PeriphCLKConfig	32	static
../Drivers/STM32H7xx_HAL_Driver/Src/stm32h7xx_hal_rcc_ex.c:1545:6:HAL_RCCEx_GetPeriphCLKConfig	0	static
../Drivers/STM32H7xx_HAL_Driver/Src/stm32h7xx_hal_rcc_ex.c:2406:10:HAL_RCCEx_GetD1PCLK1Freq	8	static
../Drivers/STM32H7xx_HAL_Driver/Src/stm32h7xx_hal_rcc_ex.c:2423:10:HAL_RCCEx_GetD3PCLK1Freq	8	static
../Drivers/STM32H7xx_HAL_Driver/Src/stm32h7xx_hal_rcc_ex.c:2447:6:HAL_RCCEx_GetPLL2ClockFreq	16	static
../Drivers/STM32H7xx_HAL_Driver/Src/stm32h7xx_hal_rcc_ex.c:2516:6:HAL_RCCEx_GetPLL3ClockFreq	16	static
../Drivers/STM32H7xx_HAL_Driver/Src/stm32h7xx_hal_rcc_ex.c:2584:6:HAL_RCCEx_GetPLL1ClockFreq	16	static
../Drivers/STM32H7xx_HAL_Driver/Src/stm32h7xx_hal_rcc_ex.c:1725:10:HAL_RCCEx_GetPeriphCLKFreq	24	static
../Drivers/STM32H7xx_HAL_Driver/Src/stm32h7xx_hal_rcc_ex.c:2645:10:HAL_RCCEx_GetD1SysClockFreq	8	static
../Drivers/STM32H7xx_HAL_Driver/Src/stm32h7xx_hal_rcc_ex.c:2685:6:HAL_RCCEx_EnableLSECSS	0	static
../Drivers/STM32H7xx_HAL_Driver/Src/stm32h7xx_hal_rcc_ex.c:2695:6:HAL_RCCEx_DisableLSECSS	0	static
../Drivers/STM32H7xx_HAL_Driver/Src/stm32h7xx_hal_rcc_ex.c:2707:6:HAL_RCCEx_EnableLSECSS_IT	0	static
../Drivers/STM32H7xx_HAL_Driver/Src/stm32h7xx_hal_rcc_ex.c:2734:6:HAL_RCCEx_WakeUpStopCLKConfig	0	static
../Drivers/STM32H7xx_HAL_Driver/Src/stm32h7xx_hal_rcc_ex.c:2749:6:HAL_RCCEx_KerWakeUpStopCLKConfig	0	static
../Drivers/STM32H7xx_HAL_Driver/Src/stm32h7xx_hal_rcc_ex.c:2803:6:HAL_RCCEx_WWDGxSysResetConfig	0	static
../Drivers/STM32H7xx_HAL_Driver/Src/stm32h7xx_hal_rcc_ex.c:2884:6:HAL_RCCEx_CRSConfig	8	static
../Drivers/STM32H7xx_HAL_Driver/Src/stm32h7xx_hal_rcc_ex.c:2934:6:HAL_RCCEx_CRSSoftwareSynchronizationGenerate	0	static
../Drivers/STM32H7xx_HAL_Driver/Src/stm32h7xx_hal_rcc_ex.c:2944:6:HAL_RCCEx_CRSGetSynchronizationInfo	0	static
../Drivers/STM32H7xx_HAL_Driver/Src/stm32h7xx_hal_rcc_ex.c:2977:10:HAL_RCCEx_CRSWaitSynchronization	24	static
../Drivers/STM32H7xx_HAL_Driver/Src/stm32h7xx_hal_rcc_ex.c:3125:13:HAL_RCCEx_CRS_SyncOkCallback	0	static
../Drivers/STM32H7xx_HAL_Driver/Src/stm32h7xx_hal_rcc_ex.c:3136:13:HAL_RCCEx_CRS_SyncWarnCallback	0	static
../Drivers/STM32H7xx_HAL_Driver/Src/stm32h7xx_hal_rcc_ex.c:3147:13:HAL_RCCEx_CRS_ExpectedSyncCallback	0	static
../Drivers/STM32H7xx_HAL_Driver/Src/stm32h7xx_hal_rcc_ex.c:3163:13:HAL_RCCEx_CRS_ErrorCallback	0	static
../Drivers/STM32H7xx_HAL_Driver/Src/stm32h7xx_hal_rcc_ex.c:3060:6:HAL_RCCEx_CRS_IRQHandler	8	static
../Drivers/STM32H7xx_HAL_Driver/Src/stm32h7xx_hal_rcc_ex.c:3415:13:HAL_RCCEx_LSECSS_Callback	0	static
../Drivers/STM32H7xx_HAL_Driver/Src/stm32h7xx_hal_rcc_ex.c:3396:6:HAL_RCCEx_LSECSS_IRQHandler	8	static
